Archive member included to satisfy reference by file (symbol)

c:/st/stm32cubeide_1.3.0/stm32cubeide/plugins/com.st.stm32cube.ide.mcu.externaltools.gnu-tools-for-stm32.7-2018-q2-update.win32_1.0.0.201904181610/tools/bin/../lib/gcc/arm-none-eabi/7.3.1/../../../../arm-none-eabi/lib/thumb/v7-m\libc_nano.a(lib_a-errno.o)
                              Core/Src/syscalls.o (__errno)
c:/st/stm32cubeide_1.3.0/stm32cubeide/plugins/com.st.stm32cube.ide.mcu.externaltools.gnu-tools-for-stm32.7-2018-q2-update.win32_1.0.0.201904181610/tools/bin/../lib/gcc/arm-none-eabi/7.3.1/../../../../arm-none-eabi/lib/thumb/v7-m\libc_nano.a(lib_a-exit.o)
                              c:/st/stm32cubeide_1.3.0/stm32cubeide/plugins/com.st.stm32cube.ide.mcu.externaltools.gnu-tools-for-stm32.7-2018-q2-update.win32_1.0.0.201904181610/tools/bin/../lib/gcc/arm-none-eabi/7.3.1/../../../../arm-none-eabi/lib/thumb/v7-m/crt0.o (exit)
c:/st/stm32cubeide_1.3.0/stm32cubeide/plugins/com.st.stm32cube.ide.mcu.externaltools.gnu-tools-for-stm32.7-2018-q2-update.win32_1.0.0.201904181610/tools/bin/../lib/gcc/arm-none-eabi/7.3.1/../../../../arm-none-eabi/lib/thumb/v7-m\libc_nano.a(lib_a-impure.o)
                              c:/st/stm32cubeide_1.3.0/stm32cubeide/plugins/com.st.stm32cube.ide.mcu.externaltools.gnu-tools-for-stm32.7-2018-q2-update.win32_1.0.0.201904181610/tools/bin/../lib/gcc/arm-none-eabi/7.3.1/../../../../arm-none-eabi/lib/thumb/v7-m\libc_nano.a(lib_a-exit.o) (_global_impure_ptr)
c:/st/stm32cubeide_1.3.0/stm32cubeide/plugins/com.st.stm32cube.ide.mcu.externaltools.gnu-tools-for-stm32.7-2018-q2-update.win32_1.0.0.201904181610/tools/bin/../lib/gcc/arm-none-eabi/7.3.1/../../../../arm-none-eabi/lib/thumb/v7-m\libc_nano.a(lib_a-init.o)
                              c:/st/stm32cubeide_1.3.0/stm32cubeide/plugins/com.st.stm32cube.ide.mcu.externaltools.gnu-tools-for-stm32.7-2018-q2-update.win32_1.0.0.201904181610/tools/bin/../lib/gcc/arm-none-eabi/7.3.1/../../../../arm-none-eabi/lib/thumb/v7-m/crt0.o (__libc_init_array)
c:/st/stm32cubeide_1.3.0/stm32cubeide/plugins/com.st.stm32cube.ide.mcu.externaltools.gnu-tools-for-stm32.7-2018-q2-update.win32_1.0.0.201904181610/tools/bin/../lib/gcc/arm-none-eabi/7.3.1/../../../../arm-none-eabi/lib/thumb/v7-m\libc_nano.a(lib_a-memset.o)
                              c:/st/stm32cubeide_1.3.0/stm32cubeide/plugins/com.st.stm32cube.ide.mcu.externaltools.gnu-tools-for-stm32.7-2018-q2-update.win32_1.0.0.201904181610/tools/bin/../lib/gcc/arm-none-eabi/7.3.1/../../../../arm-none-eabi/lib/thumb/v7-m/crt0.o (memset)

Allocating common symbols
Common symbol       size              file

hUsbDeviceFS        0x2c4             USB_DEVICE/App/usb_device.o
uwTick              0x4               Drivers/STM32F1xx_HAL_Driver/Src/stm32f1xx_hal.o
pFlash              0x20              Drivers/STM32F1xx_HAL_Driver/Src/stm32f1xx_hal_flash.o
htim3               0x48              Core/Src/main.o
huart1              0x44              Core/Src/main.o
hrtc                0x14              Core/Src/main.o
htim1               0x48              Core/Src/main.o
htim2               0x48              Core/Src/main.o
hpcd_USB_FS         0x2ec             USB_DEVICE/Target/usbd_conf.o
USBD_StrDesc        0x200             USB_DEVICE/App/usbd_desc.o

Discarded input sections

 .text          0x0000000000000000        0x0 c:/st/stm32cubeide_1.3.0/stm32cubeide/plugins/com.st.stm32cube.ide.mcu.externaltools.gnu-tools-for-stm32.7-2018-q2-update.win32_1.0.0.201904181610/tools/bin/../lib/gcc/arm-none-eabi/7.3.1/thumb/v7-m/crti.o
 .data          0x0000000000000000        0x0 c:/st/stm32cubeide_1.3.0/stm32cubeide/plugins/com.st.stm32cube.ide.mcu.externaltools.gnu-tools-for-stm32.7-2018-q2-update.win32_1.0.0.201904181610/tools/bin/../lib/gcc/arm-none-eabi/7.3.1/thumb/v7-m/crti.o
 .bss           0x0000000000000000        0x0 c:/st/stm32cubeide_1.3.0/stm32cubeide/plugins/com.st.stm32cube.ide.mcu.externaltools.gnu-tools-for-stm32.7-2018-q2-update.win32_1.0.0.201904181610/tools/bin/../lib/gcc/arm-none-eabi/7.3.1/thumb/v7-m/crti.o
 .data          0x0000000000000000        0x4 c:/st/stm32cubeide_1.3.0/stm32cubeide/plugins/com.st.stm32cube.ide.mcu.externaltools.gnu-tools-for-stm32.7-2018-q2-update.win32_1.0.0.201904181610/tools/bin/../lib/gcc/arm-none-eabi/7.3.1/thumb/v7-m/crtbegin.o
 .text          0x0000000000000000       0x74 c:/st/stm32cubeide_1.3.0/stm32cubeide/plugins/com.st.stm32cube.ide.mcu.externaltools.gnu-tools-for-stm32.7-2018-q2-update.win32_1.0.0.201904181610/tools/bin/../lib/gcc/arm-none-eabi/7.3.1/../../../../arm-none-eabi/lib/thumb/v7-m/crt0.o
 .data          0x0000000000000000        0x0 c:/st/stm32cubeide_1.3.0/stm32cubeide/plugins/com.st.stm32cube.ide.mcu.externaltools.gnu-tools-for-stm32.7-2018-q2-update.win32_1.0.0.201904181610/tools/bin/../lib/gcc/arm-none-eabi/7.3.1/../../../../arm-none-eabi/lib/thumb/v7-m/crt0.o
[...]
Memory Configuration

Name             Origin             Length             Attributes
RAM              0x0000000020000000 0x0000000000005000 xrw
FLASH            0x0000000008000000 0x0000000000010000 xr
*default*        0x0000000000000000 0xffffffffffffffff

Linker script and memory map

LOAD c:/st/stm32cubeide_1.3.0/stm32cubeide/plugins/com.st.stm32cube.ide.mcu.externaltools.gnu-tools-for-stm32.7-2018-q2-update.win32_1.0.0.201904181610/tools/bin/../lib/gcc/arm-none-eabi/7.3.1/thumb/v7-m/crti.o
LOAD c:/st/stm32cubeide_1.3.0/stm32cubeide/plugins/com.st.stm32cube.ide.mcu.externaltools.gnu-tools-for-stm32.7-2018-q2-update.win32_1.0.0.201904181610/tools/bin/../lib/gcc/arm-none-eabi/7.3.1/thumb/v7-m/crtbegin.o
LOAD c:/st/stm32cubeide_1.3.0/stm32cubeide/plugins/com.st.stm32cube.ide.mcu.externaltools.gnu-tools-for-stm32.7-2018-q2-update.win32_1.0.0.201904181610/tools/bin/../lib/gcc/arm-none-eabi/7.3.1/../../../../arm-none-eabi/lib/thumb/v7-m/crt0.o
LOAD Core/Src/main.o
LOAD Core/Src/stm32f1xx_hal_msp.o
LOAD Core/Src/stm32f1xx_it.o
LOAD Core/Src/syscalls.o
LOAD Core/Src/sysmem.o
LOAD Core/Src/system_stm32f1xx.o
LOAD Core/Startup/startup_stm32f103c8tx.o
LOAD Drivers/STM32F1xx_HAL_Driver/Src/stm32f1xx_hal.o
LOAD Drivers/STM32F1xx_HAL_Driver/Src/stm32f1xx_hal_cortex.o
LOAD Drivers/STM32F1xx_HAL_Driver/Src/stm32f1xx_hal_dma.o
LOAD Drivers/STM32F1xx_HAL_Driver/Src/stm32f1xx_hal_exti.o
LOAD Drivers/STM32F1xx_HAL_Driver/Src/stm32f1xx_hal_flash.o
LOAD Drivers/STM32F1xx_HAL_Driver/Src/stm32f1xx_hal_flash_ex.o
LOAD Drivers/STM32F1xx_HAL_Driver/Src/stm32f1xx_hal_gpio.o
LOAD Drivers/STM32F1xx_HAL_Driver/Src/stm32f1xx_hal_gpio_ex.o
LOAD Drivers/STM32F1xx_HAL_Driver/Src/stm32f1xx_hal_pcd.o
LOAD Drivers/STM32F1xx_HAL_Driver/Src/stm32f1xx_hal_pcd_ex.o
LOAD Drivers/STM32F1xx_HAL_Driver/Src/stm32f1xx_hal_pwr.o
LOAD Drivers/STM32F1xx_HAL_Driver/Src/stm32f1xx_hal_rcc.o
LOAD Drivers/STM32F1xx_HAL_Driver/Src/stm32f1xx_hal_rcc_ex.o
LOAD Drivers/STM32F1xx_HAL_Driver/Src/stm32f1xx_hal_rtc.o
LOAD Drivers/STM32F1xx_HAL_Driver/Src/stm32f1xx_hal_rtc_ex.o
LOAD Drivers/STM32F1xx_HAL_Driver/Src/stm32f1xx_hal_tim.o
LOAD Drivers/STM32F1xx_HAL_Driver/Src/stm32f1xx_hal_tim_ex.o
LOAD Drivers/STM32F1xx_HAL_Driver/Src/stm32f1xx_hal_uart.o
LOAD Drivers/STM32F1xx_HAL_Driver/Src/stm32f1xx_ll_usb.o
LOAD Middlewares/ST/STM32_USB_Device_Library/Class/HID/Src/usbd_hid.o
LOAD Middlewares/ST/STM32_USB_Device_Library/Core/Src/usbd_core.o
LOAD Middlewares/ST/STM32_USB_Device_Library/Core/Src/usbd_ctlreq.o
LOAD Middlewares/ST/STM32_USB_Device_Library/Core/Src/usbd_ioreq.o
LOAD USB_DEVICE/App/usb_device.o
LOAD USB_DEVICE/App/usbd_desc.o
LOAD USB_DEVICE/Target/usbd_conf.o
START GROUP
LOAD c:/st/stm32cubeide_1.3.0/stm32cubeide/plugins/com.st.stm32cube.ide.mcu.externaltools.gnu-tools-for-stm32.7-2018-q2-update.win32_1.0.0.201904181610/tools/bin/../lib/gcc/arm-none-eabi/7.3.1/../../../../arm-none-eabi/lib/thumb/v7-m\libc_nano.a
LOAD c:/st/stm32cubeide_1.3.0/stm32cubeide/plugins/com.st.stm32cube.ide.mcu.externaltools.gnu-tools-for-stm32.7-2018-q2-update.win32_1.0.0.201904181610/tools/bin/../lib/gcc/arm-none-eabi/7.3.1/../../../../arm-none-eabi/lib/thumb/v7-m\libm.a
END GROUP
START GROUP
LOAD c:/st/stm32cubeide_1.3.0/stm32cubeide/plugins/com.st.stm32cube.ide.mcu.externaltools.gnu-tools-for-stm32.7-2018-q2-update.win32_1.0.0.201904181610/tools/bin/../lib/gcc/arm-none-eabi/7.3.1/thumb/v7-m\libgcc.a
LOAD c:/st/stm32cubeide_1.3.0/stm32cubeide/plugins/com.st.stm32cube.ide.mcu.externaltools.gnu-tools-for-stm32.7-2018-q2-update.win32_1.0.0.201904181610/tools/bin/../lib/gcc/arm-none-eabi/7.3.1/../../../../arm-none-eabi/lib/thumb/v7-m\libc_nano.a
END GROUP
START GROUP
LOAD c:/st/stm32cubeide_1.3.0/stm32cubeide/plugins/com.st.stm32cube.ide.mcu.externaltools.gnu-tools-for-stm32.7-2018-q2-update.win32_1.0.0.201904181610/tools/bin/../lib/gcc/arm-none-eabi/7.3.1/thumb/v7-m\libgcc.a
LOAD c:/st/stm32cubeide_1.3.0/stm32cubeide/plugins/com.st.stm32cube.ide.mcu.externaltools.gnu-tools-for-stm32.7-2018-q2-update.win32_1.0.0.201904181610/tools/bin/../lib/gcc/arm-none-eabi/7.3.1/../../../../arm-none-eabi/lib/thumb/v7-m\libc_nano.a
LOAD c:/st/stm32cubeide_1.3.0/stm32cubeide/plugins/com.st.stm32cube.ide.mcu.externaltools.gnu-tools-for-stm32.7-2018-q2-update.win32_1.0.0.201904181610/tools/bin/../lib/gcc/arm-none-eabi/7.3.1/../../../../arm-none-eabi/lib/thumb/v7-m\libnosys.a
END GROUP
START GROUP
LOAD c:/st/stm32cubeide_1.3.0/stm32cubeide/plugins/com.st.stm32cube.ide.mcu.externaltools.gnu-tools-for-stm32.7-2018-q2-update.win32_1.0.0.201904181610/tools/bin/../lib/gcc/arm-none-eabi/7.3.1/thumb/v7-m\libgcc.a
LOAD c:/st/stm32cubeide_1.3.0/stm32cubeide/plugins/com.st.stm32cube.ide.mcu.externaltools.gnu-tools-for-stm32.7-2018-q2-update.win32_1.0.0.201904181610/tools/bin/../lib/gcc/arm-none-eabi/7.3.1/../../../../arm-none-eabi/lib/thumb/v7-m\libc_nano.a
LOAD c:/st/stm32cubeide_1.3.0/stm32cubeide/plugins/com.st.stm32cube.ide.mcu.externaltools.gnu-tools-for-stm32.7-2018-q2-update.win32_1.0.0.201904181610/tools/bin/../lib/gcc/arm-none-eabi/7.3.1/../../../../arm-none-eabi/lib/thumb/v7-m\libnosys.a
END GROUP
LOAD c:/st/stm32cubeide_1.3.0/stm32cubeide/plugins/com.st.stm32cube.ide.mcu.externaltools.gnu-tools-for-stm32.7-2018-q2-update.win32_1.0.0.201904181610/tools/bin/../lib/gcc/arm-none-eabi/7.3.1/thumb/v7-m/crtend.o
LOAD c:/st/stm32cubeide_1.3.0/stm32cubeide/plugins/com.st.stm32cube.ide.mcu.externaltools.gnu-tools-for-stm32.7-2018-q2-update.win32_1.0.0.201904181610/tools/bin/../lib/gcc/arm-none-eabi/7.3.1/thumb/v7-m/crtn.o
                0x0000000020005000                _estack = (ORIGIN (RAM) + LENGTH (RAM))
                0x0000000000000200                _Min_Heap_Size = 0x200
                0x0000000000000400                _Min_Stack_Size = 0x400

.isr_vector     0x0000000008000000      0x10c
                0x0000000008000000                . = ALIGN (0x4)
 *(.isr_vector)
 .isr_vector    0x0000000008000000      0x10c Core/Startup/startup_stm32f103c8tx.o
                0x0000000008000000                g_pfnVectors
                0x000000000800010c                . = ALIGN (0x4)

.text           0x000000000800010c     0x8918
                0x000000000800010c                . = ALIGN (0x4)
 *(.text)
 .text          0x000000000800010c       0x40 c:/st/stm32cubeide_1.3.0/stm32cubeide/plugins/com.st.stm32cube.ide.mcu.externaltools.gnu-tools-for-stm32.7-2018-q2-update.win32_1.0.0.201904181610/tools/bin/../lib/gcc/arm-none-eabi/7.3.1/thumb/v7-m/crtbegin.o
 *(.text*)
 .text.main     0x000000000800014c      0x130 Core/Src/main.o
                0x000000000800014c                main
 .text.SystemClock_Config
                0x000000000800027c       0xc0 Core/Src/main.o
                0x000000000800027c                SystemClock_Config
 .text.MX_RTC_Init
                0x000000000800033c       0x94 Core/Src/main.o
 .text.MX_TIM1_Init
                0x00000000080003d0       0xa0 Core/Src/main.o
 .text.MX_TIM2_Init
                0x0000000008000470      0x130 Core/Src/main.o
 .text.MX_TIM3_Init
                0x00000000080005a0       0xb4 Core/Src/main.o
 .text.MX_USART1_UART_Init
                0x0000000008000654       0x54 Core/Src/main.o
 .text.MX_GPIO_Init
                0x00000000080006a8       0x84 Core/Src/main.o
 .text.Error_Handler
                0x000000000800072c        0xc Core/Src/main.o
                0x000000000800072c                Error_Handler
 .text.HAL_MspInit
                0x0000000008000738       0x64 Core/Src/stm32f1xx_hal_msp.o
                0x0000000008000738                HAL_MspInit
 .text.HAL_RTC_MspInit
                0x000000000800079c       0x48 Core/Src/stm32f1xx_hal_msp.o
                0x000000000800079c                HAL_RTC_MspInit
 .text.HAL_TIM_Base_MspInit
                0x00000000080007e4       0x60 Core/Src/stm32f1xx_hal_msp.o
                0x00000000080007e4                HAL_TIM_Base_MspInit
 .text.HAL_TIM_PWM_MspInit
                0x0000000008000844       0x3c Core/Src/stm32f1xx_hal_msp.o
                0x0000000008000844                HAL_TIM_PWM_MspInit
 .text.HAL_TIM_MspPostInit
                0x0000000008000880       0xa0 Core/Src/stm32f1xx_hal_msp.o
                0x0000000008000880                HAL_TIM_MspPostInit
 .text.HAL_UART_MspInit
                0x0000000008000920       0x98 Core/Src/stm32f1xx_hal_msp.o
                0x0000000008000920                HAL_UART_MspInit
 .text.NMI_Handler
                0x00000000080009b8        0xc Core/Src/stm32f1xx_it.o
                0x00000000080009b8                NMI_Handler
 .text.HardFault_Handler
                0x00000000080009c4        0x6 Core/Src/stm32f1xx_it.o
                0x00000000080009c4                HardFault_Handler
 .text.MemManage_Handler
                0x00000000080009ca        0x6 Core/Src/stm32f1xx_it.o
                0x00000000080009ca                MemManage_Handler
 .text.BusFault_Handler
                0x00000000080009d0        0x6 Core/Src/stm32f1xx_it.o
                0x00000000080009d0                BusFault_Handler
 .text.UsageFault_Handler
                0x00000000080009d6        0x6 Core/Src/stm32f1xx_it.o
                0x00000000080009d6                UsageFault_Handler
 .text.SVC_Handler
                0x00000000080009dc        0xc Core/Src/stm32f1xx_it.o
                0x00000000080009dc                SVC_Handler
 .text.DebugMon_Handler
                0x00000000080009e8        0xc Core/Src/stm32f1xx_it.o
                0x00000000080009e8                DebugMon_Handler
 .text.PendSV_Handler
                0x00000000080009f4        0xc Core/Src/stm32f1xx_it.o
                0x00000000080009f4                PendSV_Handler
 .text.SysTick_Handler
                0x0000000008000a00        0xc Core/Src/stm32f1xx_it.o
                0x0000000008000a00                SysTick_Handler
 .text.USB_LP_CAN1_RX0_IRQHandler
                0x0000000008000a0c       0x14 Core/Src/stm32f1xx_it.o
                0x0000000008000a0c                USB_LP_CAN1_RX0_IRQHandler
 .text.SystemInit
                0x0000000008000a20        0xc Core/Src/system_stm32f1xx.o
                0x0000000008000a20                SystemInit
 .text.Reset_Handler
                0x0000000008000a2c       0x48 Core/Startup/startup_stm32f103c8tx.o
                0x0000000008000a2c                Reset_Handler
 .text.Default_Handler
                0x0000000008000a74        0x2 Core/Startup/startup_stm32f103c8tx.o
                0x0000000008000a74                RTC_Alarm_IRQHandler
                0x0000000008000a74                EXTI2_IRQHandler
                0x0000000008000a74                TIM1_CC_IRQHandler
                0x0000000008000a74                PVD_IRQHandler
                0x0000000008000a74                EXTI3_IRQHandler
                0x0000000008000a74                EXTI0_IRQHandler
                0x0000000008000a74                I2C2_EV_IRQHandler
                0x0000000008000a74                ADC1_2_IRQHandler
                0x0000000008000a74                SPI1_IRQHandler
                0x0000000008000a74                TAMPER_IRQHandler
                0x0000000008000a74                DMA1_Channel4_IRQHandler
                0x0000000008000a74                USART3_IRQHandler
                0x0000000008000a74                RTC_IRQHandler
                0x0000000008000a74                DMA1_Channel7_IRQHandler
                0x0000000008000a74                CAN1_RX1_IRQHandler
                0x0000000008000a74                TIM4_IRQHandler
                0x0000000008000a74                I2C1_EV_IRQHandler
                0x0000000008000a74                DMA1_Channel6_IRQHandler
                0x0000000008000a74                TIM3_IRQHandler
                0x0000000008000a74                RCC_IRQHandler
                0x0000000008000a74                TIM1_TRG_COM_IRQHandler
                0x0000000008000a74                DMA1_Channel1_IRQHandler
                0x0000000008000a74                Default_Handler
                0x0000000008000a74                EXTI15_10_IRQHandler
                0x0000000008000a74                EXTI9_5_IRQHandler
                0x0000000008000a74                SPI2_IRQHandler
                0x0000000008000a74                DMA1_Channel5_IRQHandler
                0x0000000008000a74                EXTI4_IRQHandler
                0x0000000008000a74                USB_HP_CAN1_TX_IRQHandler
                0x0000000008000a74                DMA1_Channel3_IRQHandler
                0x0000000008000a74                TIM1_UP_IRQHandler
                0x0000000008000a74                WWDG_IRQHandler
                0x0000000008000a74                TIM2_IRQHandler
                0x0000000008000a74                TIM1_BRK_IRQHandler
                0x0000000008000a74                EXTI1_IRQHandler
                0x0000000008000a74                USART2_IRQHandler
                0x0000000008000a74                I2C2_ER_IRQHandler
                0x0000000008000a74                DMA1_Channel2_IRQHandler
                0x0000000008000a74                CAN1_SCE_IRQHandler
                0x0000000008000a74                FLASH_IRQHandler
                0x0000000008000a74                USART1_IRQHandler
                0x0000000008000a74                I2C1_ER_IRQHandler
                0x0000000008000a74                USBWakeUp_IRQHandler
 *fill*         0x0000000008000a76        0x2 
 .text.HAL_Init
                0x0000000008000a78       0x2c Drivers/STM32F1xx_HAL_Driver/Src/stm32f1xx_hal.o
                0x0000000008000a78                HAL_Init
 .text.HAL_InitTick
                0x0000000008000aa4       0x60 Drivers/STM32F1xx_HAL_Driver/Src/stm32f1xx_hal.o
                0x0000000008000aa4                HAL_InitTick
 .text.HAL_IncTick
                0x0000000008000b04       0x24 Drivers/STM32F1xx_HAL_Driver/Src/stm32f1xx_hal.o
                0x0000000008000b04                HAL_IncTick
 .text.HAL_GetTick
                0x0000000008000b28       0x14 Drivers/STM32F1xx_HAL_Driver/Src/stm32f1xx_hal.o
                0x0000000008000b28                HAL_GetTick
 .text.HAL_Delay
                0x0000000008000b3c       0x44 Drivers/STM32F1xx_HAL_Driver/Src/stm32f1xx_hal.o
                0x0000000008000b3c                HAL_Delay
 .text.__NVIC_SetPriorityGrouping
                0x0000000008000b80       0x48 Drivers/STM32F1xx_HAL_Driver/Src/stm32f1xx_hal_cortex.o
 .text.__NVIC_GetPriorityGrouping
                0x0000000008000bc8       0x1c Drivers/STM32F1xx_HAL_Driver/Src/stm32f1xx_hal_cortex.o
 .text.__NVIC_EnableIRQ
                0x0000000008000be4       0x38 Drivers/STM32F1xx_HAL_Driver/Src/stm32f1xx_hal_cortex.o
 .text.__NVIC_SetPriority
                0x0000000008000c1c       0x54 Drivers/STM32F1xx_HAL_Driver/Src/stm32f1xx_hal_cortex.o
 .text.NVIC_EncodePriority
                0x0000000008000c70       0x64 Drivers/STM32F1xx_HAL_Driver/Src/stm32f1xx_hal_cortex.o
 .text.SysTick_Config
                0x0000000008000cd4       0x44 Drivers/STM32F1xx_HAL_Driver/Src/stm32f1xx_hal_cortex.o
 .text.HAL_NVIC_SetPriorityGrouping
                0x0000000008000d18       0x16 Drivers/STM32F1xx_HAL_Driver/Src/stm32f1xx_hal_cortex.o
                0x0000000008000d18                HAL_NVIC_SetPriorityGrouping
 .text.HAL_NVIC_SetPriority
                0x0000000008000d2e       0x38 Drivers/STM32F1xx_HAL_Driver/Src/stm32f1xx_hal_cortex.o
                0x0000000008000d2e                HAL_NVIC_SetPriority
 .text.HAL_NVIC_EnableIRQ
                0x0000000008000d66       0x1c Drivers/STM32F1xx_HAL_Driver/Src/stm32f1xx_hal_cortex.o
                0x0000000008000d66                HAL_NVIC_EnableIRQ
 .text.HAL_SYSTICK_Config
                0x0000000008000d82       0x18 Drivers/STM32F1xx_HAL_Driver/Src/stm32f1xx_hal_cortex.o
                0x0000000008000d82                HAL_SYSTICK_Config
 *fill*         0x0000000008000d9a        0x2 
 .text.HAL_GPIO_Init
                0x0000000008000d9c      0x2b4 Drivers/STM32F1xx_HAL_Driver/Src/stm32f1xx_hal_gpio.o
                0x0000000008000d9c                HAL_GPIO_Init
 .text.HAL_PCD_Init
                0x0000000008001050      0x216 Drivers/STM32F1xx_HAL_Driver/Src/stm32f1xx_hal_pcd.o
                0x0000000008001050                HAL_PCD_Init
 .text.HAL_PCD_Start
                0x0000000008001266       0x4c Drivers/STM32F1xx_HAL_Driver/Src/stm32f1xx_hal_pcd.o
                0x0000000008001266                HAL_PCD_Start
 .text.HAL_PCD_IRQHandler
                0x00000000080012b2      0x2aa Drivers/STM32F1xx_HAL_Driver/Src/stm32f1xx_hal_pcd.o
                0x00000000080012b2                HAL_PCD_IRQHandler
 .text.HAL_PCD_SetAddress
                0x000000000800155c       0x4a Drivers/STM32F1xx_HAL_Driver/Src/stm32f1xx_hal_pcd.o
                0x000000000800155c                HAL_PCD_SetAddress
 .text.HAL_PCD_EP_Open
                0x00000000080015a6       0xcc Drivers/STM32F1xx_HAL_Driver/Src/stm32f1xx_hal_pcd.o
                0x00000000080015a6                HAL_PCD_EP_Open
 .text.HAL_PCD_EP_Close
                0x0000000008001672       0x90 Drivers/STM32F1xx_HAL_Driver/Src/stm32f1xx_hal_pcd.o
                0x0000000008001672                HAL_PCD_EP_Close
 .text.HAL_PCD_EP_Receive
                0x0000000008001702       0x7a Drivers/STM32F1xx_HAL_Driver/Src/stm32f1xx_hal_pcd.o
                0x0000000008001702                HAL_PCD_EP_Receive
 .text.HAL_PCD_EP_Transmit
                0x000000000800177c       0x86 Drivers/STM32F1xx_HAL_Driver/Src/stm32f1xx_hal_pcd.o
                0x000000000800177c                HAL_PCD_EP_Transmit
 .text.HAL_PCD_EP_SetStall
                0x0000000008001802       0xc0 Drivers/STM32F1xx_HAL_Driver/Src/stm32f1xx_hal_pcd.o
                0x0000000008001802                HAL_PCD_EP_SetStall
 .text.HAL_PCD_EP_ClrStall
                0x00000000080018c2       0xa8 Drivers/STM32F1xx_HAL_Driver/Src/stm32f1xx_hal_pcd.o
                0x00000000080018c2                HAL_PCD_EP_ClrStall
 .text.PCD_EP_ISR_Handler
                0x000000000800196a      0x600 Drivers/STM32F1xx_HAL_Driver/Src/stm32f1xx_hal_pcd.o
 .text.HAL_PCD_EP_DB_Receive
                0x0000000008001f6a      0x21a Drivers/STM32F1xx_HAL_Driver/Src/stm32f1xx_hal_pcd.o
 .text.HAL_PCD_EP_DB_Transmit
                0x0000000008002184      0x79e Drivers/STM32F1xx_HAL_Driver/Src/stm32f1xx_hal_pcd.o
 .text.HAL_PCDEx_PMAConfig
                0x0000000008002922       0x84 Drivers/STM32F1xx_HAL_Driver/Src/stm32f1xx_hal_pcd_ex.o
                0x0000000008002922                HAL_PCDEx_PMAConfig
 *fill*         0x00000000080029a6        0x2 
 .text.HAL_PWR_EnableBkUpAccess
                0x00000000080029a8       0x18 Drivers/STM32F1xx_HAL_Driver/Src/stm32f1xx_hal_pwr.o
                0x00000000080029a8                HAL_PWR_EnableBkUpAccess
 .text.HAL_RCC_OscConfig
                0x00000000080029c0      0x500 Drivers/STM32F1xx_HAL_Driver/Src/stm32f1xx_hal_rcc.o
                0x00000000080029c0                HAL_RCC_OscConfig
 .text.HAL_RCC_ClockConfig
                0x0000000008002ec0      0x1d4 Drivers/STM32F1xx_HAL_Driver/Src/stm32f1xx_hal_rcc.o
                0x0000000008002ec0                HAL_RCC_ClockConfig
 .text.HAL_RCC_GetSysClockFreq
                0x0000000008003094       0xc4 Drivers/STM32F1xx_HAL_Driver/Src/stm32f1xx_hal_rcc.o
                0x0000000008003094                HAL_RCC_GetSysClockFreq
 .text.HAL_RCC_GetHCLKFreq
                0x0000000008003158       0x14 Drivers/STM32F1xx_HAL_Driver/Src/stm32f1xx_hal_rcc.o
                0x0000000008003158                HAL_RCC_GetHCLKFreq
 .text.HAL_RCC_GetPCLK1Freq
                0x000000000800316c       0x28 Drivers/STM32F1xx_HAL_Driver/Src/stm32f1xx_hal_rcc.o
                0x000000000800316c                HAL_RCC_GetPCLK1Freq
 .text.HAL_RCC_GetPCLK2Freq
                0x0000000008003194       0x28 Drivers/STM32F1xx_HAL_Driver/Src/stm32f1xx_hal_rcc.o
                0x0000000008003194                HAL_RCC_GetPCLK2Freq
 .text.RCC_Delay
                0x00000000080031bc       0x3c Drivers/STM32F1xx_HAL_Driver/Src/stm32f1xx_hal_rcc.o
 .text.HAL_RCCEx_PeriphCLKConfig
                0x00000000080031f8      0x16c Drivers/STM32F1xx_HAL_Driver/Src/stm32f1xx_hal_rcc_ex.o
                0x00000000080031f8                HAL_RCCEx_PeriphCLKConfig
 .text.HAL_RCCEx_GetPeriphCLKFreq
                0x0000000008003364      0x178 Drivers/STM32F1xx_HAL_Driver/Src/stm32f1xx_hal_rcc_ex.o
                0x0000000008003364                HAL_RCCEx_GetPeriphCLKFreq
 .text.HAL_RTC_Init
                0x00000000080034dc      0x12c Drivers/STM32F1xx_HAL_Driver/Src/stm32f1xx_hal_rtc.o
                0x00000000080034dc                HAL_RTC_Init
 .text.HAL_RTC_SetTime
                0x0000000008003608      0x12e Drivers/STM32F1xx_HAL_Driver/Src/stm32f1xx_hal_rtc.o
                0x0000000008003608                HAL_RTC_SetTime
 *fill*         0x0000000008003736        0x2 
 .text.HAL_RTC_SetDate
                0x0000000008003738      0x16c Drivers/STM32F1xx_HAL_Driver/Src/stm32f1xx_hal_rtc.o
                0x0000000008003738                HAL_RTC_SetDate
 .text.HAL_RTC_WaitForSynchro
                0x00000000080038a4       0x5a Drivers/STM32F1xx_HAL_Driver/Src/stm32f1xx_hal_rtc.o
                0x00000000080038a4                HAL_RTC_WaitForSynchro
 .text.RTC_ReadTimeCounter
                0x00000000080038fe       0x60 Drivers/STM32F1xx_HAL_Driver/Src/stm32f1xx_hal_rtc.o
 .text.RTC_WriteTimeCounter
                0x000000000800395e       0x4e Drivers/STM32F1xx_HAL_Driver/Src/stm32f1xx_hal_rtc.o
 .text.RTC_ReadAlarmCounter
                0x00000000080039ac       0x32 Drivers/STM32F1xx_HAL_Driver/Src/stm32f1xx_hal_rtc.o
 .text.RTC_WriteAlarmCounter
                0x00000000080039de       0x4e Drivers/STM32F1xx_HAL_Driver/Src/stm32f1xx_hal_rtc.o
 .text.RTC_EnterInitMode
                0x0000000008003a2c       0x50 Drivers/STM32F1xx_HAL_Driver/Src/stm32f1xx_hal_rtc.o
 .text.RTC_ExitInitMode
                0x0000000008003a7c       0x50 Drivers/STM32F1xx_HAL_Driver/Src/stm32f1xx_hal_rtc.o
 .text.RTC_Bcd2ToByte
                0x0000000008003acc       0x3a Drivers/STM32F1xx_HAL_Driver/Src/stm32f1xx_hal_rtc.o
 *fill*         0x0000000008003b06        0x2 
 .text.RTC_WeekDayNum
                0x0000000008003b08       0xf0 Drivers/STM32F1xx_HAL_Driver/Src/stm32f1xx_hal_rtc.o
 .text.HAL_TIM_Base_Init
                0x0000000008003bf8       0x9e Drivers/STM32F1xx_HAL_Driver/Src/stm32f1xx_hal_tim.o
                0x0000000008003bf8                HAL_TIM_Base_Init
 .text.HAL_TIM_PWM_Init
                0x0000000008003c96       0x9e Drivers/STM32F1xx_HAL_Driver/Src/stm32f1xx_hal_tim.o
                0x0000000008003c96                HAL_TIM_PWM_Init
 .text.HAL_TIM_PWM_Start
                0x0000000008003d34      0x144 Drivers/STM32F1xx_HAL_Driver/Src/stm32f1xx_hal_tim.o
                0x0000000008003d34                HAL_TIM_PWM_Start
 .text.HAL_TIM_PWM_ConfigChannel
                0x0000000008003e78      0x17c Drivers/STM32F1xx_HAL_Driver/Src/stm32f1xx_hal_tim.o
                0x0000000008003e78                HAL_TIM_PWM_ConfigChannel
 .text.HAL_TIM_ConfigClockSource
                0x0000000008003ff4      0x16e Drivers/STM32F1xx_HAL_Driver/Src/stm32f1xx_hal_tim.o
                0x0000000008003ff4                HAL_TIM_ConfigClockSource
 *fill*         0x0000000008004162        0x2 
 .text.TIM_Base_SetConfig
                0x0000000008004164       0xc4 Drivers/STM32F1xx_HAL_Driver/Src/stm32f1xx_hal_tim.o
                0x0000000008004164                TIM_Base_SetConfig
 .text.TIM_OC1_SetConfig
                0x0000000008004228       0xcc Drivers/STM32F1xx_HAL_Driver/Src/stm32f1xx_hal_tim.o
 .text.TIM_OC2_SetConfig
                0x00000000080042f4       0xd4 Drivers/STM32F1xx_HAL_Driver/Src/stm32f1xx_hal_tim.o
                0x00000000080042f4                TIM_OC2_SetConfig
 .text.TIM_OC3_SetConfig
                0x00000000080043c8       0xd4 Drivers/STM32F1xx_HAL_Driver/Src/stm32f1xx_hal_tim.o
 .text.TIM_OC4_SetConfig
                0x000000000800449c       0x9c Drivers/STM32F1xx_HAL_Driver/Src/stm32f1xx_hal_tim.o
 .text.TIM_TI1_ConfigInputStage
                0x0000000008004538       0x5c Drivers/STM32F1xx_HAL_Driver/Src/stm32f1xx_hal_tim.o
 .text.TIM_TI2_ConfigInputStage
                0x0000000008004594       0x5e Drivers/STM32F1xx_HAL_Driver/Src/stm32f1xx_hal_tim.o
 .text.TIM_ITRx_SetConfig
                0x00000000080045f2       0x34 Drivers/STM32F1xx_HAL_Driver/Src/stm32f1xx_hal_tim.o
 .text.TIM_ETR_SetConfig
                0x0000000008004626       0x3e Drivers/STM32F1xx_HAL_Driver/Src/stm32f1xx_hal_tim.o
                0x0000000008004626                TIM_ETR_SetConfig
 .text.TIM_CCxChannelCmd
                0x0000000008004664       0x48 Drivers/STM32F1xx_HAL_Driver/Src/stm32f1xx_hal_tim.o
                0x0000000008004664                TIM_CCxChannelCmd
 .text.HAL_TIMEx_MasterConfigSynchronization
                0x00000000080046ac       0xbc Drivers/STM32F1xx_HAL_Driver/Src/stm32f1xx_hal_tim_ex.o
                0x00000000080046ac                HAL_TIMEx_MasterConfigSynchronization
 .text.HAL_UART_Init
                0x0000000008004768       0x9a Drivers/STM32F1xx_HAL_Driver/Src/stm32f1xx_hal_uart.o
                0x0000000008004768                HAL_UART_Init
 *fill*         0x0000000008004802        0x2 
 .text.UART_SetConfig
                0x0000000008004804      0x11c Drivers/STM32F1xx_HAL_Driver/Src/stm32f1xx_hal_uart.o
 .text.USB_CoreInit
                0x0000000008004920       0x20 Drivers/STM32F1xx_HAL_Driver/Src/stm32f1xx_ll_usb.o
                0x0000000008004920                USB_CoreInit
 .text.USB_EnableGlobalInt
                0x0000000008004940       0x2c Drivers/STM32F1xx_HAL_Driver/Src/stm32f1xx_ll_usb.o
                0x0000000008004940                USB_EnableGlobalInt
 .text.USB_DisableGlobalInt
                0x000000000800496c       0x34 Drivers/STM32F1xx_HAL_Driver/Src/stm32f1xx_ll_usb.o
                0x000000000800496c                USB_DisableGlobalInt
 .text.USB_SetCurrentMode
                0x00000000080049a0       0x18 Drivers/STM32F1xx_HAL_Driver/Src/stm32f1xx_ll_usb.o
                0x00000000080049a0                USB_SetCurrentMode
 .text.USB_DevInit
                0x00000000080049b8       0x40 Drivers/STM32F1xx_HAL_Driver/Src/stm32f1xx_ll_usb.o
                0x00000000080049b8                USB_DevInit
 .text.USB_ActivateEndpoint
                0x00000000080049f8      0x6d4 Drivers/STM32F1xx_HAL_Driver/Src/stm32f1xx_ll_usb.o
                0x00000000080049f8                USB_ActivateEndpoint
 .text.USB_DeactivateEndpoint
                0x00000000080050cc      0x3d8 Drivers/STM32F1xx_HAL_Driver/Src/stm32f1xx_ll_usb.o
                0x00000000080050cc                USB_DeactivateEndpoint
 .text.USB_EPStartXfer
                0x00000000080054a4     0x15ee Drivers/STM32F1xx_HAL_Driver/Src/stm32f1xx_ll_usb.o
                0x00000000080054a4                USB_EPStartXfer
 .text.USB_EPSetStall
                0x0000000008006a92       0xa0 Drivers/STM32F1xx_HAL_Driver/Src/stm32f1xx_ll_usb.o
                0x0000000008006a92                USB_EPSetStall
 .text.USB_EPClearStall
                0x0000000008006b32      0x15a Drivers/STM32F1xx_HAL_Driver/Src/stm32f1xx_ll_usb.o
                0x0000000008006b32                USB_EPClearStall
 .text.USB_SetDevAddress
                0x0000000008006c8c       0x26 Drivers/STM32F1xx_HAL_Driver/Src/stm32f1xx_ll_usb.o
                0x0000000008006c8c                USB_SetDevAddress
 .text.USB_DevConnect
                0x0000000008006cb2       0x14 Drivers/STM32F1xx_HAL_Driver/Src/stm32f1xx_ll_usb.o
                0x0000000008006cb2                USB_DevConnect
 .text.USB_DevDisconnect
                0x0000000008006cc6       0x14 Drivers/STM32F1xx_HAL_Driver/Src/stm32f1xx_ll_usb.o
                0x0000000008006cc6                USB_DevDisconnect
 .text.USB_ReadInterrupts
                0x0000000008006cda       0x1e Drivers/STM32F1xx_HAL_Driver/Src/stm32f1xx_ll_usb.o
                0x0000000008006cda                USB_ReadInterrupts
 .text.USB_EP0_OutStart
                0x0000000008006cf8       0x16 Drivers/STM32F1xx_HAL_Driver/Src/stm32f1xx_ll_usb.o
                0x0000000008006cf8                USB_EP0_OutStart
 .text.USB_WritePMA
                0x0000000008006d0e       0x88 Drivers/STM32F1xx_HAL_Driver/Src/stm32f1xx_ll_usb.o
                0x0000000008006d0e                USB_WritePMA
 .text.USB_ReadPMA
                0x0000000008006d96       0x9e Drivers/STM32F1xx_HAL_Driver/Src/stm32f1xx_ll_usb.o
                0x0000000008006d96                USB_ReadPMA
 .text.USBD_HID_Init
                0x0000000008006e34       0x4e Middlewares/ST/STM32_USB_Device_Library/Class/HID/Src/usbd_hid.o
 .text.USBD_HID_DeInit
                0x0000000008006e82       0x42 Middlewares/ST/STM32_USB_Device_Library/Class/HID/Src/usbd_hid.o
 .text.USBD_HID_Setup
                0x0000000008006ec4      0x1fc Middlewares/ST/STM32_USB_Device_Library/Class/HID/Src/usbd_hid.o
 .text.USBD_HID_GetFSCfgDesc
                0x00000000080070c0       0x20 Middlewares/ST/STM32_USB_Device_Library/Class/HID/Src/usbd_hid.o
 .text.USBD_HID_GetHSCfgDesc
                0x00000000080070e0       0x20 Middlewares/ST/STM32_USB_Device_Library/Class/HID/Src/usbd_hid.o
 .text.USBD_HID_GetOtherSpeedCfgDesc
                0x0000000008007100       0x20 Middlewares/ST/STM32_USB_Device_Library/Class/HID/Src/usbd_hid.o
 .text.USBD_HID_DataIn
                0x0000000008007120       0x22 Middlewares/ST/STM32_USB_Device_Library/Class/HID/Src/usbd_hid.o
 *fill*         0x0000000008007142        0x2 
 .text.USBD_HID_GetDeviceQualifierDesc
                0x0000000008007144       0x20 Middlewares/ST/STM32_USB_Device_Library/Class/HID/Src/usbd_hid.o
 .text.USBD_Init
                0x0000000008007164       0x56 Middlewares/ST/STM32_USB_Device_Library/Core/Src/usbd_core.o
                0x0000000008007164                USBD_Init
 .text.USBD_RegisterClass
                0x00000000080071ba       0x32 Middlewares/ST/STM32_USB_Device_Library/Core/Src/usbd_core.o
                0x00000000080071ba                USBD_RegisterClass
 .text.USBD_Start
                0x00000000080071ec       0x18 Middlewares/ST/STM32_USB_Device_Library/Core/Src/usbd_core.o
                0x00000000080071ec                USBD_Start
 .text.USBD_RunTestMode
                0x0000000008007204       0x14 Middlewares/ST/STM32_USB_Device_Library/Core/Src/usbd_core.o
                0x0000000008007204                USBD_RunTestMode
 .text.USBD_SetClassConfig
                0x0000000008007218       0x3e Middlewares/ST/STM32_USB_Device_Library/Core/Src/usbd_core.o
                0x0000000008007218                USBD_SetClassConfig
 .text.USBD_ClrClassConfig
                0x0000000008007256       0x26 Middlewares/ST/STM32_USB_Device_Library/Core/Src/usbd_core.o
                0x0000000008007256                USBD_ClrClassConfig
 .text.USBD_LL_SetupStage
                0x000000000800727c       0x96 Middlewares/ST/STM32_USB_Device_Library/Core/Src/usbd_core.o
                0x000000000800727c                USBD_LL_SetupStage
 .text.USBD_LL_DataOutStage
                0x0000000008007312       0xe2 Middlewares/ST/STM32_USB_Device_Library/Core/Src/usbd_core.o
                0x0000000008007312                USBD_LL_DataOutStage
 .text.USBD_LL_DataInStage
                0x00000000080073f4      0x14a Middlewares/ST/STM32_USB_Device_Library/Core/Src/usbd_core.o
                0x00000000080073f4                USBD_LL_DataInStage
 .text.USBD_LL_Reset
                0x000000000800753e       0x82 Middlewares/ST/STM32_USB_Device_Library/Core/Src/usbd_core.o
                0x000000000800753e                USBD_LL_Reset
 .text.USBD_LL_SetSpeed
                0x00000000080075c0       0x1e Middlewares/ST/STM32_USB_Device_Library/Core/Src/usbd_core.o
                0x00000000080075c0                USBD_LL_SetSpeed
 .text.USBD_LL_Suspend
                0x00000000080075de       0x28 Middlewares/ST/STM32_USB_Device_Library/Core/Src/usbd_core.o
                0x00000000080075de                USBD_LL_Suspend
 .text.USBD_LL_Resume
                0x0000000008007606       0x2a Middlewares/ST/STM32_USB_Device_Library/Core/Src/usbd_core.o
                0x0000000008007606                USBD_LL_Resume
 .text.USBD_LL_SOF
                0x0000000008007630       0x34 Middlewares/ST/STM32_USB_Device_Library/Core/Src/usbd_core.o
                0x0000000008007630                USBD_LL_SOF
 .text.USBD_StdDevReq
                0x0000000008007664       0xd4 Middlewares/ST/STM32_USB_Device_Library/Core/Src/usbd_ctlreq.o
                0x0000000008007664                USBD_StdDevReq
 .text.USBD_StdItfReq
                0x0000000008007738       0x8c Middlewares/ST/STM32_USB_Device_Library/Core/Src/usbd_ctlreq.o
                0x0000000008007738                USBD_StdItfReq
 .text.USBD_StdEPReq
                0x00000000080077c4      0x2ba Middlewares/ST/STM32_USB_Device_Library/Core/Src/usbd_ctlreq.o
                0x00000000080077c4                USBD_StdEPReq
 *fill*         0x0000000008007a7e        0x2 
 .text.USBD_GetDescriptor
                0x0000000008007a80      0x2d0 Middlewares/ST/STM32_USB_Device_Library/Core/Src/usbd_ctlreq.o
 .text.USBD_SetAddress
                0x0000000008007d50       0x84 Middlewares/ST/STM32_USB_Device_Library/Core/Src/usbd_ctlreq.o
 .text.USBD_SetConfig
                0x0000000008007dd4      0x11c Middlewares/ST/STM32_USB_Device_Library/Core/Src/usbd_ctlreq.o
 .text.USBD_GetConfig
                0x0000000008007ef0       0x68 Middlewares/ST/STM32_USB_Device_Library/Core/Src/usbd_ctlreq.o
 .text.USBD_GetStatus
                0x0000000008007f58       0x66 Middlewares/ST/STM32_USB_Device_Library/Core/Src/usbd_ctlreq.o
 .text.USBD_SetFeature
                0x0000000008007fbe       0x28 Middlewares/ST/STM32_USB_Device_Library/Core/Src/usbd_ctlreq.o
 .text.USBD_ClrFeature
                0x0000000008007fe6       0x42 Middlewares/ST/STM32_USB_Device_Library/Core/Src/usbd_ctlreq.o
 .text.USBD_ParseSetupRequest
                0x0000000008008028       0x78 Middlewares/ST/STM32_USB_Device_Library/Core/Src/usbd_ctlreq.o
                0x0000000008008028                USBD_ParseSetupRequest
 .text.USBD_CtlError
                0x00000000080080a0       0x22 Middlewares/ST/STM32_USB_Device_Library/Core/Src/usbd_ctlreq.o
                0x00000000080080a0                USBD_CtlError
 .text.USBD_GetString
                0x00000000080080c2       0x84 Middlewares/ST/STM32_USB_Device_Library/Core/Src/usbd_ctlreq.o
                0x00000000080080c2                USBD_GetString
 .text.USBD_GetLen
                0x0000000008008146       0x2e Middlewares/ST/STM32_USB_Device_Library/Core/Src/usbd_ctlreq.o
 .text.USBD_CtlSendData
                0x0000000008008174       0x38 Middlewares/ST/STM32_USB_Device_Library/Core/Src/usbd_ioreq.o
                0x0000000008008174                USBD_CtlSendData
 .text.USBD_CtlContinueSendData
                0x00000000080081ac       0x24 Middlewares/ST/STM32_USB_Device_Library/Core/Src/usbd_ioreq.o
                0x00000000080081ac                USBD_CtlContinueSendData
 .text.USBD_CtlContinueRx
                0x00000000080081d0       0x24 Middlewares/ST/STM32_USB_Device_Library/Core/Src/usbd_ioreq.o
                0x00000000080081d0                USBD_CtlContinueRx
 .text.USBD_CtlSendStatus
                0x00000000080081f4       0x26 Middlewares/ST/STM32_USB_Device_Library/Core/Src/usbd_ioreq.o
                0x00000000080081f4                USBD_CtlSendStatus
 .text.USBD_CtlReceiveStatus
                0x000000000800821a       0x26 Middlewares/ST/STM32_USB_Device_Library/Core/Src/usbd_ioreq.o
                0x000000000800821a                USBD_CtlReceiveStatus
 .text.MX_USB_DEVICE_Init
                0x0000000008008240       0x4c USB_DEVICE/App/usb_device.o
                0x0000000008008240                MX_USB_DEVICE_Init
 .text.USBD_FS_DeviceDescriptor
                0x000000000800828c       0x24 USB_DEVICE/App/usbd_desc.o
                0x000000000800828c                USBD_FS_DeviceDescriptor
 .text.USBD_FS_LangIDStrDescriptor
                0x00000000080082b0       0x24 USB_DEVICE/App/usbd_desc.o
                0x00000000080082b0                USBD_FS_LangIDStrDescriptor
 .text.USBD_FS_ProductStrDescriptor
                0x00000000080082d4       0x3c USB_DEVICE/App/usbd_desc.o
                0x00000000080082d4                USBD_FS_ProductStrDescriptor
 .text.USBD_FS_ManufacturerStrDescriptor
                0x0000000008008310       0x28 USB_DEVICE/App/usbd_desc.o
                0x0000000008008310                USBD_FS_ManufacturerStrDescriptor
 .text.USBD_FS_SerialStrDescriptor
                0x0000000008008338       0x24 USB_DEVICE/App/usbd_desc.o
                0x0000000008008338                USBD_FS_SerialStrDescriptor
 .text.USBD_FS_ConfigStrDescriptor
                0x000000000800835c       0x3c USB_DEVICE/App/usbd_desc.o
                0x000000000800835c                USBD_FS_ConfigStrDescriptor
 .text.USBD_FS_InterfaceStrDescriptor
                0x0000000008008398       0x3c USB_DEVICE/App/usbd_desc.o
                0x0000000008008398                USBD_FS_InterfaceStrDescriptor
 .text.Get_SerialNum
                0x00000000080083d4       0x58 USB_DEVICE/App/usbd_desc.o
 .text.IntToUnicode
                0x000000000800842c       0x7a USB_DEVICE/App/usbd_desc.o
 *fill*         0x00000000080084a6        0x2 
 .text.HAL_PCD_MspInit
                0x00000000080084a8       0x4c USB_DEVICE/Target/usbd_conf.o
                0x00000000080084a8                HAL_PCD_MspInit
 .text.HAL_PCD_SetupStageCallback
                0x00000000080084f4       0x24 USB_DEVICE/Target/usbd_conf.o
                0x00000000080084f4                HAL_PCD_SetupStageCallback
 .text.HAL_PCD_DataOutStageCallback
                0x0000000008008518       0x36 USB_DEVICE/Target/usbd_conf.o
                0x0000000008008518                HAL_PCD_DataOutStageCallback
 .text.HAL_PCD_DataInStageCallback
                0x000000000800854e       0x34 USB_DEVICE/Target/usbd_conf.o
                0x000000000800854e                HAL_PCD_DataInStageCallback
 .text.HAL_PCD_SOFCallback
                0x0000000008008582       0x1c USB_DEVICE/Target/usbd_conf.o
                0x0000000008008582                HAL_PCD_SOFCallback
 .text.HAL_PCD_ResetCallback
                0x000000000800859e       0x3c USB_DEVICE/Target/usbd_conf.o
                0x000000000800859e                HAL_PCD_ResetCallback
 *fill*         0x00000000080085da        0x2 
 .text.HAL_PCD_SuspendCallback
                0x00000000080085dc       0x34 USB_DEVICE/Target/usbd_conf.o
                0x00000000080085dc                HAL_PCD_SuspendCallback
 .text.HAL_PCD_ResumeCallback
                0x0000000008008610       0x1c USB_DEVICE/Target/usbd_conf.o
                0x0000000008008610                HAL_PCD_ResumeCallback
 .text.USBD_LL_Init
                0x000000000800862c       0x90 USB_DEVICE/Target/usbd_conf.o
                0x000000000800862c                USBD_LL_Init
 .text.USBD_LL_Start
                0x00000000080086bc       0x36 USB_DEVICE/Target/usbd_conf.o
                0x00000000080086bc                USBD_LL_Start
 .text.USBD_LL_OpenEP
                0x00000000080086f2       0x4c USB_DEVICE/Target/usbd_conf.o
                0x00000000080086f2                USBD_LL_OpenEP
 .text.USBD_LL_CloseEP
                0x000000000800873e       0x3e USB_DEVICE/Target/usbd_conf.o
                0x000000000800873e                USBD_LL_CloseEP
 .text.USBD_LL_StallEP
                0x000000000800877c       0x3e USB_DEVICE/Target/usbd_conf.o
                0x000000000800877c                USBD_LL_StallEP
 .text.USBD_LL_ClearStallEP
                0x00000000080087ba       0x3e USB_DEVICE/Target/usbd_conf.o
                0x00000000080087ba                USBD_LL_ClearStallEP
 .text.USBD_LL_IsStallEP
                0x00000000080087f8       0x58 USB_DEVICE/Target/usbd_conf.o
                0x00000000080087f8                USBD_LL_IsStallEP
 .text.USBD_LL_SetUSBAddress
                0x0000000008008850       0x3e USB_DEVICE/Target/usbd_conf.o
                0x0000000008008850                USBD_LL_SetUSBAddress
 .text.USBD_LL_Transmit
                0x000000000800888e       0x46 USB_DEVICE/Target/usbd_conf.o
                0x000000000800888e                USBD_LL_Transmit
 .text.USBD_LL_PrepareReceive
                0x00000000080088d4       0x46 USB_DEVICE/Target/usbd_conf.o
                0x00000000080088d4                USBD_LL_PrepareReceive
 *fill*         0x000000000800891a        0x2 
 .text.USBD_static_malloc
                0x000000000800891c       0x18 USB_DEVICE/Target/usbd_conf.o
                0x000000000800891c                USBD_static_malloc
 .text.USBD_static_free
                0x0000000008008934       0x12 USB_DEVICE/Target/usbd_conf.o
                0x0000000008008934                USBD_static_free
 .text.HAL_PCDEx_SetConnectionState
                0x0000000008008946       0x16 USB_DEVICE/Target/usbd_conf.o
                0x0000000008008946                HAL_PCDEx_SetConnectionState
 .text.USBD_Get_USB_Status
                0x000000000800895c       0x58 USB_DEVICE/Target/usbd_conf.o
 .text.__libc_init_array
                0x00000000080089b4       0x48 c:/st/stm32cubeide_1.3.0/stm32cubeide/plugins/com.st.stm32cube.ide.mcu.externaltools.gnu-tools-for-stm32.7-2018-q2-update.win32_1.0.0.201904181610/tools/bin/../lib/gcc/arm-none-eabi/7.3.1/../../../../arm-none-eabi/lib/thumb/v7-m\libc_nano.a(lib_a-init.o)
                0x00000000080089b4                __libc_init_array
 .text.memset   0x00000000080089fc       0x10 c:/st/stm32cubeide_1.3.0/stm32cubeide/plugins/com.st.stm32cube.ide.mcu.externaltools.gnu-tools-for-stm32.7-2018-q2-update.win32_1.0.0.201904181610/tools/bin/../lib/gcc/arm-none-eabi/7.3.1/../../../../arm-none-eabi/lib/thumb/v7-m\libc_nano.a(lib_a-memset.o)
                0x00000000080089fc                memset
 *(.glue_7)
 .glue_7        0x0000000008008a0c        0x0 linker stubs
 *(.glue_7t)
 .glue_7t       0x0000000008008a0c        0x0 linker stubs
 *(.eh_frame)
 .eh_frame      0x0000000008008a0c        0x0 c:/st/stm32cubeide_1.3.0/stm32cubeide/plugins/com.st.stm32cube.ide.mcu.externaltools.gnu-tools-for-stm32.7-2018-q2-update.win32_1.0.0.201904181610/tools/bin/../lib/gcc/arm-none-eabi/7.3.1/thumb/v7-m/crtbegin.o
 *(.init)
 .init          0x0000000008008a0c        0x4 c:/st/stm32cubeide_1.3.0/stm32cubeide/plugins/com.st.stm32cube.ide.mcu.externaltools.gnu-tools-for-stm32.7-2018-q2-update.win32_1.0.0.201904181610/tools/bin/../lib/gcc/arm-none-eabi/7.3.1/thumb/v7-m/crti.o
                0x0000000008008a0c                _init
 .init          0x0000000008008a10        0x8 c:/st/stm32cubeide_1.3.0/stm32cubeide/plugins/com.st.stm32cube.ide.mcu.externaltools.gnu-tools-for-stm32.7-2018-q2-update.win32_1.0.0.201904181610/tools/bin/../lib/gcc/arm-none-eabi/7.3.1/thumb/v7-m/crtn.o
 *(.fini)
 .fini          0x0000000008008a18        0x4 c:/st/stm32cubeide_1.3.0/stm32cubeide/plugins/com.st.stm32cube.ide.mcu.externaltools.gnu-tools-for-stm32.7-2018-q2-update.win32_1.0.0.201904181610/tools/bin/../lib/gcc/arm-none-eabi/7.3.1/thumb/v7-m/crti.o
                0x0000000008008a18                _fini
 .fini          0x0000000008008a1c        0x8 c:/st/stm32cubeide_1.3.0/stm32cubeide/plugins/com.st.stm32cube.ide.mcu.externaltools.gnu-tools-for-stm32.7-2018-q2-update.win32_1.0.0.201904181610/tools/bin/../lib/gcc/arm-none-eabi/7.3.1/thumb/v7-m/crtn.o
                0x0000000008008a24                . = ALIGN (0x4)
                0x0000000008008a24                _etext = .

.vfp11_veneer   0x0000000008008a24        0x0
 .vfp11_veneer  0x0000000008008a24        0x0 linker stubs

.v4_bx          0x0000000008008a24        0x0
 .v4_bx         0x0000000008008a24        0x0 linker stubs

.iplt           0x0000000008008a24        0x0
 .iplt          0x0000000008008a24        0x0 c:/st/stm32cubeide_1.3.0/stm32cubeide/plugins/com.st.stm32cube.ide.mcu.externaltools.gnu-tools-for-stm32.7-2018-q2-update.win32_1.0.0.201904181610/tools/bin/../lib/gcc/arm-none-eabi/7.3.1/thumb/v7-m/crtbegin.o

.rodata         0x0000000008008a24       0x88
                0x0000000008008a24                . = ALIGN (0x4)
 *(.rodata)
 .rodata        0x0000000008008a24       0x12 Drivers/STM32F1xx_HAL_Driver/Src/stm32f1xx_hal_rcc.o
 *fill*         0x0000000008008a36        0x2 
 .rodata        0x0000000008008a38       0x12 Drivers/STM32F1xx_HAL_Driver/Src/stm32f1xx_hal_rcc_ex.o
 *fill*         0x0000000008008a4a        0x2 
 .rodata        0x0000000008008a4c       0x46 USB_DEVICE/App/usbd_desc.o
 *(.rodata*)
 *fill*         0x0000000008008a92        0x2 
 .rodata.AHBPrescTable
                0x0000000008008a94       0x10 Core/Src/system_stm32f1xx.o
                0x0000000008008a94                AHBPrescTable
 .rodata.APBPrescTable
                0x0000000008008aa4        0x8 Core/Src/system_stm32f1xx.o
                0x0000000008008aa4                APBPrescTable
                0x0000000008008aac                . = ALIGN (0x4)

.rel.dyn        0x0000000008008aac        0x0
 .rel.iplt      0x0000000008008aac        0x0 c:/st/stm32cubeide_1.3.0/stm32cubeide/plugins/com.st.stm32cube.ide.mcu.externaltools.gnu-tools-for-stm32.7-2018-q2-update.win32_1.0.0.201904181610/tools/bin/../lib/gcc/arm-none-eabi/7.3.1/thumb/v7-m/crtbegin.o

.ARM.extab      0x0000000008008aac        0x0
                0x0000000008008aac                . = ALIGN (0x4)
 *(.ARM.extab* .gnu.linkonce.armextab.*)
                0x0000000008008aac                . = ALIGN (0x4)

.ARM            0x0000000008008aac        0x0
                0x0000000008008aac                . = ALIGN (0x4)
                0x0000000008008aac                __exidx_start = .
 *(.ARM.exidx*)
                0x0000000008008aac                __exidx_end = .
                0x0000000008008aac                . = ALIGN (0x4)

.preinit_array  0x0000000008008aac        0x0
                0x0000000008008aac                . = ALIGN (0x4)
                0x0000000008008aac                PROVIDE (__preinit_array_start = .)
 *(.preinit_array*)
                0x0000000008008aac                PROVIDE (__preinit_array_end = .)
                0x0000000008008aac                . = ALIGN (0x4)

.init_array     0x0000000008008aac        0x4
                0x0000000008008aac                . = ALIGN (0x4)
                0x0000000008008aac                PROVIDE (__init_array_start = .)
 *(SORT_BY_NAME(.init_array.*))
 *(.init_array*)
 .init_array    0x0000000008008aac        0x4 c:/st/stm32cubeide_1.3.0/stm32cubeide/plugins/com.st.stm32cube.ide.mcu.externaltools.gnu-tools-for-stm32.7-2018-q2-update.win32_1.0.0.201904181610/tools/bin/../lib/gcc/arm-none-eabi/7.3.1/thumb/v7-m/crtbegin.o
                0x0000000008008ab0                PROVIDE (__init_array_end = .)
                0x0000000008008ab0                . = ALIGN (0x4)

.fini_array     0x0000000008008ab0        0x4
                0x0000000008008ab0                . = ALIGN (0x4)
                [!provide]                        PROVIDE (__fini_array_start = .)
 *(SORT_BY_NAME(.fini_array.*))
 *(.fini_array*)
 .fini_array    0x0000000008008ab0        0x4 c:/st/stm32cubeide_1.3.0/stm32cubeide/plugins/com.st.stm32cube.ide.mcu.externaltools.gnu-tools-for-stm32.7-2018-q2-update.win32_1.0.0.201904181610/tools/bin/../lib/gcc/arm-none-eabi/7.3.1/thumb/v7-m/crtbegin.o
                [!provide]                        PROVIDE (__fini_array_end = .)
                0x0000000008008ab4                . = ALIGN (0x4)
                0x0000000008008ab4                _sidata = LOADADDR (.data)

.data           0x0000000020000000      0x164 load address 0x0000000008008ab4
                0x0000000020000000                . = ALIGN (0x4)
                0x0000000020000000                _sdata = .
 *(.data)
 *(.data*)
 .data.SystemCoreClock
                0x0000000020000000        0x4 Core/Src/system_stm32f1xx.o
                0x0000000020000000                SystemCoreClock
 .data.uwTickPrio
                0x0000000020000004        0x4 Drivers/STM32F1xx_HAL_Driver/Src/stm32f1xx_hal.o
                0x0000000020000004                uwTickPrio
 .data.uwTickFreq
                0x0000000020000008        0x1 Drivers/STM32F1xx_HAL_Driver/Src/stm32f1xx_hal.o
                0x0000000020000008                uwTickFreq
 *fill*         0x0000000020000009        0x3 
 .data.USBD_HID
                0x000000002000000c       0x38 Middlewares/ST/STM32_USB_Device_Library/Class/HID/Src/usbd_hid.o
                0x000000002000000c                USBD_HID
 .data.USBD_HID_CfgFSDesc
                0x0000000020000044       0x22 Middlewares/ST/STM32_USB_Device_Library/Class/HID/Src/usbd_hid.o
 *fill*         0x0000000020000066        0x2 
 .data.USBD_HID_CfgHSDesc
                0x0000000020000068       0x22 Middlewares/ST/STM32_USB_Device_Library/Class/HID/Src/usbd_hid.o
 *fill*         0x000000002000008a        0x2 
 .data.USBD_HID_OtherSpeedCfgDesc
                0x000000002000008c       0x22 Middlewares/ST/STM32_USB_Device_Library/Class/HID/Src/usbd_hid.o
 *fill*         0x00000000200000ae        0x2 
 .data.USBD_HID_Desc
                0x00000000200000b0        0x9 Middlewares/ST/STM32_USB_Device_Library/Class/HID/Src/usbd_hid.o
 *fill*         0x00000000200000b9        0x3 
 .data.USBD_HID_DeviceQualifierDesc
                0x00000000200000bc        0xa Middlewares/ST/STM32_USB_Device_Library/Class/HID/Src/usbd_hid.o
 *fill*         0x00000000200000c6        0x2 
 .data.HID_MOUSE_ReportDesc
                0x00000000200000c8       0x4a Middlewares/ST/STM32_USB_Device_Library/Class/HID/Src/usbd_hid.o
 *fill*         0x0000000020000112        0x2 
 .data.FS_Desc  0x0000000020000114       0x1c USB_DEVICE/App/usbd_desc.o
                0x0000000020000114                FS_Desc
 .data.USBD_FS_DeviceDesc
                0x0000000020000130       0x12 USB_DEVICE/App/usbd_desc.o
                0x0000000020000130                USBD_FS_DeviceDesc
 *fill*         0x0000000020000142        0x2 
 .data.USBD_LangIDDesc
                0x0000000020000144        0x4 USB_DEVICE/App/usbd_desc.o
                0x0000000020000144                USBD_LangIDDesc
 .data.USBD_StringSerial
                0x0000000020000148       0x1a USB_DEVICE/App/usbd_desc.o
                0x0000000020000148                USBD_StringSerial
                0x0000000020000164                . = ALIGN (0x4)
 *fill*         0x0000000020000162        0x2 
                0x0000000020000164                _edata = .

.igot.plt       0x0000000020000164        0x0 load address 0x0000000008008c18
 .igot.plt      0x0000000020000164        0x0 c:/st/stm32cubeide_1.3.0/stm32cubeide/plugins/com.st.stm32cube.ide.mcu.externaltools.gnu-tools-for-stm32.7-2018-q2-update.win32_1.0.0.201904181610/tools/bin/../lib/gcc/arm-none-eabi/7.3.1/thumb/v7-m/crtbegin.o
                0x0000000020000164                . = ALIGN (0x4)

.bss            0x0000000020000164      0x918 load address 0x0000000008008c18
                0x0000000020000164                _sbss = .
                0x0000000020000164                __bss_start__ = _sbss
 *(.bss)
 .bss           0x0000000020000164       0x1c c:/st/stm32cubeide_1.3.0/stm32cubeide/plugins/com.st.stm32cube.ide.mcu.externaltools.gnu-tools-for-stm32.7-2018-q2-update.win32_1.0.0.201904181610/tools/bin/../lib/gcc/arm-none-eabi/7.3.1/thumb/v7-m/crtbegin.o
 *(.bss*)
 .bss.cfgidx.8440
                0x0000000020000180        0x1 Middlewares/ST/STM32_USB_Device_Library/Core/Src/usbd_ctlreq.o
 *fill*         0x0000000020000181        0x3 
 .bss.mem.8477  0x0000000020000184       0x14 USB_DEVICE/Target/usbd_conf.o
 *(COMMON)
 COMMON         0x0000000020000198      0x130 Core/Src/main.o
                0x0000000020000198                htim3
                0x00000000200001e0                huart1
                0x0000000020000224                hrtc
                0x0000000020000238                htim1
                0x0000000020000280                htim2
 COMMON         0x00000000200002c8        0x4 Drivers/STM32F1xx_HAL_Driver/Src/stm32f1xx_hal.o
                0x00000000200002c8                uwTick
 COMMON         0x00000000200002cc      0x2c4 USB_DEVICE/App/usb_device.o
                0x00000000200002cc                hUsbDeviceFS
 COMMON         0x0000000020000590      0x200 USB_DEVICE/App/usbd_desc.o
                0x0000000020000590                USBD_StrDesc
 COMMON         0x0000000020000790      0x2ec USB_DEVICE/Target/usbd_conf.o
                0x0000000020000790                hpcd_USB_FS
                0x0000000020000a7c                . = ALIGN (0x4)
                0x0000000020000a7c                _ebss = .
                0x0000000020000a7c                __bss_end__ = _ebss

._user_heap_stack
                0x0000000020000a7c      0x604 load address 0x0000000008008c18
                0x0000000020000a80                . = ALIGN (0x8)
 *fill*         0x0000000020000a7c        0x4 
                0x0000000020000a80                PROVIDE (end = .)
                [!provide]                        PROVIDE (_end = .)
                0x0000000020000c80                . = (. + _Min_Heap_Size)
 *fill*         0x0000000020000a80      0x200 
                0x0000000020001080                . = (. + _Min_Stack_Size)
 *fill*         0x0000000020000c80      0x400 
                0x0000000020001080                . = ALIGN (0x8)

/DISCARD/
 libc.a(*)
 libm.a(*)
 libgcc.a(*)

.ARM.attributes
                0x0000000000000000       0x29
 *(.ARM.attributes)
 .ARM.attributes
                0x0000000000000000       0x1d c:/st/stm32cubeide_1.3.0/stm32cubeide/plugins/com.st.stm32cube.ide.mcu.externaltools.gnu-tools-for-stm32.7-2018-q2-update.win32_1.0.0.201904181610/tools/bin/../lib/gcc/arm-none-eabi/7.3.1/thumb/v7-m/crti.o
 .ARM.attributes
                0x000000000000001d       0x2d c:/st/stm32cubeide_1.3.0/stm32cubeide/plugins/com.st.stm32cube.ide.mcu.externaltools.gnu-tools-for-stm32.7-2018-q2-update.win32_1.0.0.201904181610/tools/bin/../lib/gcc/arm-none-eabi/7.3.1/thumb/v7-m/crtbegin.o
 .ARM.attributes
                0x000000000000004a       0x33 Core/Src/main.o
 .ARM.attributes
                0x000000000000007d       0x33 Core/Src/stm32f1xx_hal_msp.o
 .ARM.attributes
                0x00000000000000b0       0x33 Core/Src/stm32f1xx_it.o
 .ARM.attributes
                0x00000000000000e3       0x33 Core/Src/system_stm32f1xx.o
 .ARM.attributes
                0x0000000000000116       0x21 Core/Startup/startup_stm32f103c8tx.o
 .ARM.attributes
                0x0000000000000137       0x33 Drivers/STM32F1xx_HAL_Driver/Src/stm32f1xx_hal.o
 .ARM.attributes
                0x000000000000016a       0x33 Drivers/STM32F1xx_HAL_Driver/Src/stm32f1xx_hal_cortex.o
 .ARM.attributes
                0x000000000000019d       0x33 Drivers/STM32F1xx_HAL_Driver/Src/stm32f1xx_hal_gpio.o
 .ARM.attributes
                0x00000000000001d0       0x33 Drivers/STM32F1xx_HAL_Driver/Src/stm32f1xx_hal_pcd.o
 .ARM.attributes
                0x0000000000000203       0x33 Drivers/STM32F1xx_HAL_Driver/Src/stm32f1xx_hal_pcd_ex.o
 .ARM.attributes
                0x0000000000000236       0x33 Drivers/STM32F1xx_HAL_Driver/Src/stm32f1xx_hal_pwr.o
 .ARM.attributes
                0x0000000000000269       0x33 Drivers/STM32F1xx_HAL_Driver/Src/stm32f1xx_hal_rcc.o
 .ARM.attributes
                0x000000000000029c       0x33 Drivers/STM32F1xx_HAL_Driver/Src/stm32f1xx_hal_rcc_ex.o
 .ARM.attributes
                0x00000000000002cf       0x33 Drivers/STM32F1xx_HAL_Driver/Src/stm32f1xx_hal_rtc.o
 .ARM.attributes
                0x0000000000000302       0x33 Drivers/STM32F1xx_HAL_Driver/Src/stm32f1xx_hal_tim.o
 .ARM.attributes
                0x0000000000000335       0x33 Drivers/STM32F1xx_HAL_Driver/Src/stm32f1xx_hal_tim_ex.o
 .ARM.attributes
                0x0000000000000368       0x33 Drivers/STM32F1xx_HAL_Driver/Src/stm32f1xx_hal_uart.o
 .ARM.attributes
                0x000000000000039b       0x33 Drivers/STM32F1xx_HAL_Driver/Src/stm32f1xx_ll_usb.o
 .ARM.attributes
                0x00000000000003ce       0x33 Middlewares/ST/STM32_USB_Device_Library/Class/HID/Src/usbd_hid.o
 .ARM.attributes
                0x0000000000000401       0x33 Middlewares/ST/STM32_USB_Device_Library/Core/Src/usbd_core.o
 .ARM.attributes
                0x0000000000000434       0x33 Middlewares/ST/STM32_USB_Device_Library/Core/Src/usbd_ctlreq.o
 .ARM.attributes
                0x0000000000000467       0x33 Middlewares/ST/STM32_USB_Device_Library/Core/Src/usbd_ioreq.o
 .ARM.attributes
                0x000000000000049a       0x33 USB_DEVICE/App/usb_device.o
 .ARM.attributes
                0x00000000000004cd       0x33 USB_DEVICE/App/usbd_desc.o
 .ARM.attributes
                0x0000000000000500       0x33 USB_DEVICE/Target/usbd_conf.o
 .ARM.attributes
                0x0000000000000533       0x2d c:/st/stm32cubeide_1.3.0/stm32cubeide/plugins/com.st.stm32cube.ide.mcu.externaltools.gnu-tools-for-stm32.7-2018-q2-update.win32_1.0.0.201904181610/tools/bin/../lib/gcc/arm-none-eabi/7.3.1/../../../../arm-none-eabi/lib/thumb/v7-m\libc_nano.a(lib_a-init.o)
 .ARM.attributes
                0x0000000000000560       0x2d c:/st/stm32cubeide_1.3.0/stm32cubeide/plugins/com.st.stm32cube.ide.mcu.externaltools.gnu-tools-for-stm32.7-2018-q2-update.win32_1.0.0.201904181610/tools/bin/../lib/gcc/arm-none-eabi/7.3.1/../../../../arm-none-eabi/lib/thumb/v7-m\libc_nano.a(lib_a-memset.o)
 .ARM.attributes
                0x000000000000058d       0x1d c:/st/stm32cubeide_1.3.0/stm32cubeide/plugins/com.st.stm32cube.ide.mcu.externaltools.gnu-tools-for-stm32.7-2018-q2-update.win32_1.0.0.201904181610/tools/bin/../lib/gcc/arm-none-eabi/7.3.1/thumb/v7-m/crtn.o
OUTPUT(spotify_ctrl.elf elf32-littlearm)

.debug_info     0x0000000000000000    0x16aa9
 .debug_info    0x0000000000000000     0x1855 Core/Src/main.o
 .debug_info    0x0000000000001855      0xecb Core/Src/stm32f1xx_hal_msp.o
 .debug_info    0x0000000000002720      0x6a8 Core/Src/stm32f1xx_it.o
 .debug_info    0x0000000000002dc8      0x29a Core/Src/system_stm32f1xx.o
 .debug_info    0x0000000000003062       0x22 Core/Startup/startup_stm32f103c8tx.o
 .debug_info    0x0000000000003084      0x714 Drivers/STM32F1xx_HAL_Driver/Src/stm32f1xx_hal.o
 .debug_info    0x0000000000003798      0xb51 Drivers/STM32F1xx_HAL_Driver/Src/stm32f1xx_hal_cortex.o
 .debug_info    0x00000000000042e9      0x69b Drivers/STM32F1xx_HAL_Driver/Src/stm32f1xx_hal_gpio.o
 .debug_info    0x0000000000004984     0x13f3 Drivers/STM32F1xx_HAL_Driver/Src/stm32f1xx_hal_pcd.o
 .debug_info    0x0000000000005d77      0x787 Drivers/STM32F1xx_HAL_Driver/Src/stm32f1xx_hal_pcd_ex.o
 .debug_info    0x00000000000064fe      0x6e2 Drivers/STM32F1xx_HAL_Driver/Src/stm32f1xx_hal_pwr.o
 .debug_info    0x0000000000006be0      0x80f Drivers/STM32F1xx_HAL_Driver/Src/stm32f1xx_hal_rcc.o
 .debug_info    0x00000000000073ef      0x444 Drivers/STM32F1xx_HAL_Driver/Src/stm32f1xx_hal_rcc_ex.o
 .debug_info    0x0000000000007833      0xd2f Drivers/STM32F1xx_HAL_Driver/Src/stm32f1xx_hal_rtc.o
 .debug_info    0x0000000000008562     0x27f1 Drivers/STM32F1xx_HAL_Driver/Src/stm32f1xx_hal_tim.o
 .debug_info    0x000000000000ad53     0x13ab Drivers/STM32F1xx_HAL_Driver/Src/stm32f1xx_hal_tim_ex.o
 .debug_info    0x000000000000c0fe     0x14ec Drivers/STM32F1xx_HAL_Driver/Src/stm32f1xx_hal_uart.o
 .debug_info    0x000000000000d5ea     0x18b3 Drivers/STM32F1xx_HAL_Driver/Src/stm32f1xx_ll_usb.o
 .debug_info    0x000000000000ee9d     0x113a Middlewares/ST/STM32_USB_Device_Library/Class/HID/Src/usbd_hid.o
 .debug_info    0x000000000000ffd7     0x11d2 Middlewares/ST/STM32_USB_Device_Library/Core/Src/usbd_core.o
 .debug_info    0x00000000000111a9     0x1142 Middlewares/ST/STM32_USB_Device_Library/Core/Src/usbd_ctlreq.o
 .debug_info    0x00000000000122eb      0xf33 Middlewares/ST/STM32_USB_Device_Library/Core/Src/usbd_ioreq.o
 .debug_info    0x000000000001321e      0xdc8 USB_DEVICE/App/usb_device.o
 .debug_info    0x0000000000013fe6      0xd17 USB_DEVICE/App/usbd_desc.o
 .debug_info    0x0000000000014cfd     0x1dac USB_DEVICE/Target/usbd_conf.o

.debug_abbrev   0x0000000000000000     0x325d
 .debug_abbrev  0x0000000000000000      0x297 Core/Src/main.o
 .debug_abbrev  0x0000000000000297      0x209 Core/Src/stm32f1xx_hal_msp.o
 .debug_abbrev  0x00000000000004a0      0x155 Core/Src/stm32f1xx_it.o
 .debug_abbrev  0x00000000000005f5      0x134 Core/Src/system_stm32f1xx.o
 .debug_abbrev  0x0000000000000729       0x12 Core/Startup/startup_stm32f103c8tx.o
 .debug_abbrev  0x000000000000073b      0x1c7 Drivers/STM32F1xx_HAL_Driver/Src/stm32f1xx_hal.o
 .debug_abbrev  0x0000000000000902      0x2d5 Drivers/STM32F1xx_HAL_Driver/Src/stm32f1xx_hal_cortex.o
 .debug_abbrev  0x0000000000000bd7      0x1c0 Drivers/STM32F1xx_HAL_Driver/Src/stm32f1xx_hal_gpio.o
 .debug_abbrev  0x0000000000000d97      0x268 Drivers/STM32F1xx_HAL_Driver/Src/stm32f1xx_hal_pcd.o
 .debug_abbrev  0x0000000000000fff      0x188 Drivers/STM32F1xx_HAL_Driver/Src/stm32f1xx_hal_pcd_ex.o
 .debug_abbrev  0x0000000000001187      0x1f2 Drivers/STM32F1xx_HAL_Driver/Src/stm32f1xx_hal_pwr.o
 .debug_abbrev  0x0000000000001379      0x243 Drivers/STM32F1xx_HAL_Driver/Src/stm32f1xx_hal_rcc.o
 .debug_abbrev  0x00000000000015bc      0x175 Drivers/STM32F1xx_HAL_Driver/Src/stm32f1xx_hal_rcc_ex.o
 .debug_abbrev  0x0000000000001731      0x20a Drivers/STM32F1xx_HAL_Driver/Src/stm32f1xx_hal_rtc.o
 .debug_abbrev  0x000000000000193b      0x230 Drivers/STM32F1xx_HAL_Driver/Src/stm32f1xx_hal_tim.o
 .debug_abbrev  0x0000000000001b6b      0x236 Drivers/STM32F1xx_HAL_Driver/Src/stm32f1xx_hal_tim_ex.o
 .debug_abbrev  0x0000000000001da1      0x25d Drivers/STM32F1xx_HAL_Driver/Src/stm32f1xx_hal_uart.o
 .debug_abbrev  0x0000000000001ffe      0x1d2 Drivers/STM32F1xx_HAL_Driver/Src/stm32f1xx_ll_usb.o
 .debug_abbrev  0x00000000000021d0      0x27d Middlewares/ST/STM32_USB_Device_Library/Class/HID/Src/usbd_hid.o
 .debug_abbrev  0x000000000000244d      0x270 Middlewares/ST/STM32_USB_Device_Library/Core/Src/usbd_core.o
 .debug_abbrev  0x00000000000026bd      0x2a0 Middlewares/ST/STM32_USB_Device_Library/Core/Src/usbd_ctlreq.o
 .debug_abbrev  0x000000000000295d      0x1e0 Middlewares/ST/STM32_USB_Device_Library/Core/Src/usbd_ioreq.o
 .debug_abbrev  0x0000000000002b3d      0x1b5 USB_DEVICE/App/usb_device.o
 .debug_abbrev  0x0000000000002cf2      0x290 USB_DEVICE/App/usbd_desc.o
 .debug_abbrev  0x0000000000002f82      0x2db USB_DEVICE/Target/usbd_conf.o

.debug_aranges  0x0000000000000000     0x1340
 .debug_aranges
                0x0000000000000000       0x60 Core/Src/main.o
 .debug_aranges
                0x0000000000000060       0x68 Core/Src/stm32f1xx_hal_msp.o
 .debug_aranges
                0x00000000000000c8       0x68 Core/Src/stm32f1xx_it.o
 .debug_aranges
                0x0000000000000130       0x28 Core/Src/system_stm32f1xx.o
 .debug_aranges
                0x0000000000000158       0x28 Core/Startup/startup_stm32f103c8tx.o
 .debug_aranges
                0x0000000000000180       0xe0 Drivers/STM32F1xx_HAL_Driver/Src/stm32f1xx_hal.o
 .debug_aranges
                0x0000000000000260      0x100 Drivers/STM32F1xx_HAL_Driver/Src/stm32f1xx_hal_cortex.o
 .debug_aranges
                0x0000000000000360       0x58 Drivers/STM32F1xx_HAL_Driver/Src/stm32f1xx_hal_gpio.o
 .debug_aranges
                0x00000000000003b8      0x138 Drivers/STM32F1xx_HAL_Driver/Src/stm32f1xx_hal_pcd.o
 .debug_aranges
                0x00000000000004f0       0x38 Drivers/STM32F1xx_HAL_Driver/Src/stm32f1xx_hal_pcd_ex.o
 .debug_aranges
                0x0000000000000528       0xa8 Drivers/STM32F1xx_HAL_Driver/Src/stm32f1xx_hal_pwr.o
 .debug_aranges
                0x00000000000005d0       0x90 Drivers/STM32F1xx_HAL_Driver/Src/stm32f1xx_hal_rcc.o
 .debug_aranges
                0x0000000000000660       0x30 Drivers/STM32F1xx_HAL_Driver/Src/stm32f1xx_hal_rcc_ex.o
 .debug_aranges
                0x0000000000000690       0xf8 Drivers/STM32F1xx_HAL_Driver/Src/stm32f1xx_hal_rtc.o
 .debug_aranges
                0x0000000000000788      0x3d0 Drivers/STM32F1xx_HAL_Driver/Src/stm32f1xx_hal_tim.o
 .debug_aranges
                0x0000000000000b58      0x168 Drivers/STM32F1xx_HAL_Driver/Src/stm32f1xx_hal_tim_ex.o
 .debug_aranges
                0x0000000000000cc0      0x200 Drivers/STM32F1xx_HAL_Driver/Src/stm32f1xx_hal_uart.o
 .debug_aranges
                0x0000000000000ec0       0xf0 Drivers/STM32F1xx_HAL_Driver/Src/stm32f1xx_ll_usb.o
 .debug_aranges
                0x0000000000000fb0       0x68 Middlewares/ST/STM32_USB_Device_Library/Class/HID/Src/usbd_hid.o
 .debug_aranges
                0x0000000000001018       0xb8 Middlewares/ST/STM32_USB_Device_Library/Core/Src/usbd_core.o
 .debug_aranges
                0x00000000000010d0       0x88 Middlewares/ST/STM32_USB_Device_Library/Core/Src/usbd_ctlreq.o
 .debug_aranges
                0x0000000000001158       0x50 Middlewares/ST/STM32_USB_Device_Library/Core/Src/usbd_ioreq.o
 .debug_aranges
                0x00000000000011a8       0x20 USB_DEVICE/App/usb_device.o
 .debug_aranges
                0x00000000000011c8       0x60 USB_DEVICE/App/usbd_desc.o
 .debug_aranges
                0x0000000000001228      0x118 USB_DEVICE/Target/usbd_conf.o

.debug_ranges   0x0000000000000000     0x11e8
 .debug_ranges  0x0000000000000000       0x50 Core/Src/main.o
 .debug_ranges  0x0000000000000050       0x58 Core/Src/stm32f1xx_hal_msp.o
 .debug_ranges  0x00000000000000a8       0x58 Core/Src/stm32f1xx_it.o
 .debug_ranges  0x0000000000000100       0x18 Core/Src/system_stm32f1xx.o
 .debug_ranges  0x0000000000000118       0x20 Core/Startup/startup_stm32f103c8tx.o
 .debug_ranges  0x0000000000000138       0xd0 Drivers/STM32F1xx_HAL_Driver/Src/stm32f1xx_hal.o
 .debug_ranges  0x0000000000000208       0xf0 Drivers/STM32F1xx_HAL_Driver/Src/stm32f1xx_hal_cortex.o
 .debug_ranges  0x00000000000002f8       0x48 Drivers/STM32F1xx_HAL_Driver/Src/stm32f1xx_hal_gpio.o
 .debug_ranges  0x0000000000000340      0x128 Drivers/STM32F1xx_HAL_Driver/Src/stm32f1xx_hal_pcd.o
 .debug_ranges  0x0000000000000468       0x28 Drivers/STM32F1xx_HAL_Driver/Src/stm32f1xx_hal_pcd_ex.o
 .debug_ranges  0x0000000000000490       0x98 Drivers/STM32F1xx_HAL_Driver/Src/stm32f1xx_hal_pwr.o
 .debug_ranges  0x0000000000000528       0x80 Drivers/STM32F1xx_HAL_Driver/Src/stm32f1xx_hal_rcc.o
 .debug_ranges  0x00000000000005a8       0x20 Drivers/STM32F1xx_HAL_Driver/Src/stm32f1xx_hal_rcc_ex.o
 .debug_ranges  0x00000000000005c8       0xe8 Drivers/STM32F1xx_HAL_Driver/Src/stm32f1xx_hal_rtc.o
 .debug_ranges  0x00000000000006b0      0x3c0 Drivers/STM32F1xx_HAL_Driver/Src/stm32f1xx_hal_tim.o
 .debug_ranges  0x0000000000000a70      0x158 Drivers/STM32F1xx_HAL_Driver/Src/stm32f1xx_hal_tim_ex.o
 .debug_ranges  0x0000000000000bc8      0x220 Drivers/STM32F1xx_HAL_Driver/Src/stm32f1xx_hal_uart.o
 .debug_ranges  0x0000000000000de8       0xe0 Drivers/STM32F1xx_HAL_Driver/Src/stm32f1xx_ll_usb.o
 .debug_ranges  0x0000000000000ec8       0x58 Middlewares/ST/STM32_USB_Device_Library/Class/HID/Src/usbd_hid.o
 .debug_ranges  0x0000000000000f20       0xa8 Middlewares/ST/STM32_USB_Device_Library/Core/Src/usbd_core.o
 .debug_ranges  0x0000000000000fc8       0x78 Middlewares/ST/STM32_USB_Device_Library/Core/Src/usbd_ctlreq.o
 .debug_ranges  0x0000000000001040       0x40 Middlewares/ST/STM32_USB_Device_Library/Core/Src/usbd_ioreq.o
 .debug_ranges  0x0000000000001080       0x10 USB_DEVICE/App/usb_device.o
 .debug_ranges  0x0000000000001090       0x50 USB_DEVICE/App/usbd_desc.o
 .debug_ranges  0x00000000000010e0      0x108 USB_DEVICE/Target/usbd_conf.o

.debug_macro    0x0000000000000000    0x1ad29
 .debug_macro   0x0000000000000000      0x3df Core/Src/main.o
 .debug_macro   0x00000000000003df      0xa5a Core/Src/main.o
 .debug_macro   0x0000000000000e39      0x227 Core/Src/main.o
 .debug_macro   0x0000000000001060       0x2e Core/Src/main.o
 .debug_macro   0x000000000000108e       0x22 Core/Src/main.o
 .debug_macro   0x00000000000010b0       0x22 Core/Src/main.o
 .debug_macro   0x00000000000010d2       0x8e Core/Src/main.o
 .debug_macro   0x0000000000001160       0x51 Core/Src/main.o
 .debug_macro   0x00000000000011b1       0xef Core/Src/main.o
 .debug_macro   0x00000000000012a0       0x6a Core/Src/main.o
 .debug_macro   0x000000000000130a      0x1df Core/Src/main.o
 .debug_macro   0x00000000000014e9       0x1c Core/Src/main.o
 .debug_macro   0x0000000000001505       0x22 Core/Src/main.o
 .debug_macro   0x0000000000001527       0xc3 Core/Src/main.o
 .debug_macro   0x00000000000015ea      0xd23 Core/Src/main.o
 .debug_macro   0x000000000000230d     0xe09e Core/Src/main.o
 .debug_macro   0x00000000000103ab       0x6d Core/Src/main.o
 .debug_macro   0x0000000000010418     0x3468 Core/Src/main.o
 .debug_macro   0x0000000000013880      0x174 Core/Src/main.o
 .debug_macro   0x00000000000139f4       0x5c Core/Src/main.o
 .debug_macro   0x0000000000013a50      0x5be Core/Src/main.o
 .debug_macro   0x000000000001400e      0x289 Core/Src/main.o
 .debug_macro   0x0000000000014297      0x1cb Core/Src/main.o
 .debug_macro   0x0000000000014462      0x114 Core/Src/main.o
 .debug_macro   0x0000000000014576      0x1b2 Core/Src/main.o
 .debug_macro   0x0000000000014728       0x27 Core/Src/main.o
 .debug_macro   0x000000000001474f      0x136 Core/Src/main.o
 .debug_macro   0x0000000000014885      0x1bc Core/Src/main.o
 .debug_macro   0x0000000000014a41       0x34 Core/Src/main.o
 .debug_macro   0x0000000000014a75       0x3c Core/Src/main.o
 .debug_macro   0x0000000000014ab1       0x57 Core/Src/main.o
 .debug_macro   0x0000000000014b08       0x88 Core/Src/main.o
 .debug_macro   0x0000000000014b90      0x241 Core/Src/main.o
 .debug_macro   0x0000000000014dd1      0x141 Core/Src/main.o
 .debug_macro   0x0000000000014f12      0x1ef Core/Src/main.o
 .debug_macro   0x0000000000015101       0xec Core/Src/main.o
 .debug_macro   0x00000000000151ed      0x8d1 Core/Src/main.o
 .debug_macro   0x0000000000015abe      0x279 Core/Src/main.o
 .debug_macro   0x0000000000015d37       0x65 Core/Src/main.o
 .debug_macro   0x0000000000015d9c      0x249 Core/Src/main.o
 .debug_macro   0x0000000000015fe5       0x83 Core/Src/main.o
 .debug_macro   0x0000000000016068       0x46 Core/Src/main.o
 .debug_macro   0x00000000000160ae       0x18 Core/Src/main.o
 .debug_macro   0x00000000000160c6       0x3c Core/Src/main.o
 .debug_macro   0x0000000000016102       0x34 Core/Src/main.o
 .debug_macro   0x0000000000016136       0x16 Core/Src/main.o
 .debug_macro   0x000000000001614c       0x35 Core/Src/main.o
 .debug_macro   0x0000000000016181      0x32a Core/Src/main.o
 .debug_macro   0x00000000000164ab       0x10 Core/Src/main.o
 .debug_macro   0x00000000000164bb       0x52 Core/Src/main.o
 .debug_macro   0x000000000001650d       0x1f Core/Src/main.o
 .debug_macro   0x000000000001652c       0x43 Core/Src/main.o
 .debug_macro   0x000000000001656f       0x20 Core/Src/main.o
 .debug_macro   0x000000000001658f      0x1a3 Core/Src/main.o
 .debug_macro   0x0000000000016732       0x10 Core/Src/main.o
 .debug_macro   0x0000000000016742       0x1c Core/Src/main.o
 .debug_macro   0x000000000001675e       0x52 Core/Src/main.o
 .debug_macro   0x00000000000167b0       0x40 Core/Src/main.o
 .debug_macro   0x00000000000167f0       0x10 Core/Src/main.o
 .debug_macro   0x0000000000016800       0x40 Core/Src/main.o
 .debug_macro   0x0000000000016840       0xd7 Core/Src/main.o
 .debug_macro   0x0000000000016917       0x1c Core/Src/main.o
 .debug_macro   0x0000000000016933       0x3d Core/Src/main.o
 .debug_macro   0x0000000000016970       0x16 Core/Src/main.o
 .debug_macro   0x0000000000016986      0x145 Core/Src/main.o
 .debug_macro   0x0000000000016acb       0x16 Core/Src/main.o
 .debug_macro   0x0000000000016ae1       0x16 Core/Src/main.o
 .debug_macro   0x0000000000016af7       0x29 Core/Src/main.o
 .debug_macro   0x0000000000016b20       0x16 Core/Src/main.o
 .debug_macro   0x0000000000016b36       0x20 Core/Src/main.o
 .debug_macro   0x0000000000016b56       0x60 Core/Src/main.o
 .debug_macro   0x0000000000016bb6      0x1c8 Core/Src/main.o
 .debug_macro   0x0000000000016d7e      0x1e5 Core/Src/stm32f1xx_hal_msp.o
 .debug_macro   0x0000000000016f63      0x1ef Core/Src/stm32f1xx_it.o
 .debug_macro   0x0000000000017152      0x1db Core/Src/system_stm32f1xx.o
 .debug_macro   0x000000000001732d      0x1ff Drivers/STM32F1xx_HAL_Driver/Src/stm32f1xx_hal.o
 .debug_macro   0x000000000001752c      0x1db Drivers/STM32F1xx_HAL_Driver/Src/stm32f1xx_hal_cortex.o
 .debug_macro   0x0000000000017707      0x246 Drivers/STM32F1xx_HAL_Driver/Src/stm32f1xx_hal_gpio.o
 .debug_macro   0x000000000001794d      0x1e7 Drivers/STM32F1xx_HAL_Driver/Src/stm32f1xx_hal_pcd.o
 .debug_macro   0x0000000000017b34      0x1db Drivers/STM32F1xx_HAL_Driver/Src/stm32f1xx_hal_pcd_ex.o
 .debug_macro   0x0000000000017d0f      0x23b Drivers/STM32F1xx_HAL_Driver/Src/stm32f1xx_hal_pwr.o
 .debug_macro   0x0000000000017f4a      0x1ed Drivers/STM32F1xx_HAL_Driver/Src/stm32f1xx_hal_rcc.o
 .debug_macro   0x0000000000018137      0x1db Drivers/STM32F1xx_HAL_Driver/Src/stm32f1xx_hal_rcc_ex.o
 .debug_macro   0x0000000000018312      0x1ea Drivers/STM32F1xx_HAL_Driver/Src/stm32f1xx_hal_rtc.o
 .debug_macro   0x00000000000184fc      0x1dc Drivers/STM32F1xx_HAL_Driver/Src/stm32f1xx_hal_tim.o
 .debug_macro   0x00000000000186d8      0x1db Drivers/STM32F1xx_HAL_Driver/Src/stm32f1xx_hal_tim_ex.o
 .debug_macro   0x00000000000188b3      0x1dc Drivers/STM32F1xx_HAL_Driver/Src/stm32f1xx_hal_uart.o
 .debug_macro   0x0000000000018a8f      0x1db Drivers/STM32F1xx_HAL_Driver/Src/stm32f1xx_ll_usb.o
 .debug_macro   0x0000000000018c6a      0x3f2 Middlewares/ST/STM32_USB_Device_Library/Class/HID/Src/usbd_hid.o
 .debug_macro   0x000000000001905c       0x97 Middlewares/ST/STM32_USB_Device_Library/Class/HID/Src/usbd_hid.o
 .debug_macro   0x00000000000190f3       0xfd Middlewares/ST/STM32_USB_Device_Library/Class/HID/Src/usbd_hid.o
 .debug_macro   0x00000000000191f0       0xbd Middlewares/ST/STM32_USB_Device_Library/Class/HID/Src/usbd_hid.o
 .debug_macro   0x00000000000192ad       0x56 Middlewares/ST/STM32_USB_Device_Library/Class/HID/Src/usbd_hid.o
 .debug_macro   0x0000000000019303       0x5e Middlewares/ST/STM32_USB_Device_Library/Class/HID/Src/usbd_hid.o
 .debug_macro   0x0000000000019361      0x3d9 Middlewares/ST/STM32_USB_Device_Library/Core/Src/usbd_core.o
 .debug_macro   0x000000000001973a      0x1ce Middlewares/ST/STM32_USB_Device_Library/Core/Src/usbd_core.o
 .debug_macro   0x0000000000019908      0x3e3 Middlewares/ST/STM32_USB_Device_Library/Core/Src/usbd_ctlreq.o
 .debug_macro   0x0000000000019ceb      0x3df Middlewares/ST/STM32_USB_Device_Library/Core/Src/usbd_ioreq.o
 .debug_macro   0x000000000001a0ca      0x40f USB_DEVICE/App/usb_device.o
 .debug_macro   0x000000000001a4d9       0x22 USB_DEVICE/App/usb_device.o
 .debug_macro   0x000000000001a4fb      0x416 USB_DEVICE/App/usbd_desc.o
 .debug_macro   0x000000000001a911       0x1c USB_DEVICE/App/usbd_desc.o
 .debug_macro   0x000000000001a92d      0x3fc USB_DEVICE/Target/usbd_conf.o

.debug_line     0x0000000000000000    0x11687
 .debug_line    0x0000000000000000      0xad2 Core/Src/main.o
 .debug_line    0x0000000000000ad2      0x7c6 Core/Src/stm32f1xx_hal_msp.o
 .debug_line    0x0000000000001298      0x7a5 Core/Src/stm32f1xx_it.o
 .debug_line    0x0000000000001a3d      0x717 Core/Src/system_stm32f1xx.o
 .debug_line    0x0000000000002154       0x87 Core/Startup/startup_stm32f103c8tx.o
 .debug_line    0x00000000000021db      0x8ca Drivers/STM32F1xx_HAL_Driver/Src/stm32f1xx_hal.o
 .debug_line    0x0000000000002aa5      0x9a1 Drivers/STM32F1xx_HAL_Driver/Src/stm32f1xx_hal_cortex.o
 .debug_line    0x0000000000003446      0x8c6 Drivers/STM32F1xx_HAL_Driver/Src/stm32f1xx_hal_gpio.o
 .debug_line    0x0000000000003d0c      0xd8f Drivers/STM32F1xx_HAL_Driver/Src/stm32f1xx_hal_pcd.o
 .debug_line    0x0000000000004a9b      0x73b Drivers/STM32F1xx_HAL_Driver/Src/stm32f1xx_hal_pcd_ex.o
 .debug_line    0x00000000000051d6      0x86d Drivers/STM32F1xx_HAL_Driver/Src/stm32f1xx_hal_pwr.o
 .debug_line    0x0000000000005a43      0x98a Drivers/STM32F1xx_HAL_Driver/Src/stm32f1xx_hal_rcc.o
 .debug_line    0x00000000000063cd      0x7a8 Drivers/STM32F1xx_HAL_Driver/Src/stm32f1xx_hal_rcc_ex.o
 .debug_line    0x0000000000006b75      0xb75 Drivers/STM32F1xx_HAL_Driver/Src/stm32f1xx_hal_rtc.o
 .debug_line    0x00000000000076ea     0x2023 Drivers/STM32F1xx_HAL_Driver/Src/stm32f1xx_hal_tim.o
 .debug_line    0x000000000000970d     0x11bf Drivers/STM32F1xx_HAL_Driver/Src/stm32f1xx_hal_tim_ex.o
 .debug_line    0x000000000000a8cc     0x113a Drivers/STM32F1xx_HAL_Driver/Src/stm32f1xx_hal_uart.o
 .debug_line    0x000000000000ba06      0xde0 Drivers/STM32F1xx_HAL_Driver/Src/stm32f1xx_ll_usb.o
 .debug_line    0x000000000000c7e6      0xb0f Middlewares/ST/STM32_USB_Device_Library/Class/HID/Src/usbd_hid.o
 .debug_line    0x000000000000d2f5      0xbe1 Middlewares/ST/STM32_USB_Device_Library/Core/Src/usbd_core.o
 .debug_line    0x000000000000ded6      0xc6a Middlewares/ST/STM32_USB_Device_Library/Core/Src/usbd_ctlreq.o
 .debug_line    0x000000000000eb40      0xa4a Middlewares/ST/STM32_USB_Device_Library/Core/Src/usbd_ioreq.o
 .debug_line    0x000000000000f58a      0xa19 USB_DEVICE/App/usb_device.o
 .debug_line    0x000000000000ffa3      0xa7e USB_DEVICE/App/usbd_desc.o
 .debug_line    0x0000000000010a21      0xc66 USB_DEVICE/Target/usbd_conf.o

.debug_str      0x0000000000000000    0x91567
 .debug_str     0x0000000000000000    0x8c9ac Core/Src/main.o
                                      0x8ce8b (size before relaxing)
 .debug_str     0x000000000008c9ac      0x13f Core/Src/stm32f1xx_hal_msp.o
                                      0x88038 (size before relaxing)
 .debug_str     0x000000000008caeb      0x3ae Core/Src/stm32f1xx_it.o
                                      0x87b01 (size before relaxing)
 .debug_str     0x000000000008ce99       0x52 Core/Src/system_stm32f1xx.o
                                      0x8774b (size before relaxing)
 .debug_str     0x000000000008ceeb       0x36 Core/Startup/startup_stm32f103c8tx.o
                                         0x75 (size before relaxing)
 .debug_str     0x000000000008cf21      0x55e Drivers/STM32F1xx_HAL_Driver/Src/stm32f1xx_hal.o
                                      0x87ddc (size before relaxing)
 .debug_str     0x000000000008d47f      0x2d8 Drivers/STM32F1xx_HAL_Driver/Src/stm32f1xx_hal_cortex.o
                                      0x87de4 (size before relaxing)
 .debug_str     0x000000000008d757      0x340 Drivers/STM32F1xx_HAL_Driver/Src/stm32f1xx_hal_gpio.o
                                      0x87b0f (size before relaxing)
 .debug_str     0x000000000008da97      0x3e5 Drivers/STM32F1xx_HAL_Driver/Src/stm32f1xx_hal_pcd.o
                                      0x87e9e (size before relaxing)
 .debug_str     0x000000000008de7c      0x18d Drivers/STM32F1xx_HAL_Driver/Src/stm32f1xx_hal_pcd_ex.o
                                      0x87beb (size before relaxing)
 .debug_str     0x000000000008e009      0x507 Drivers/STM32F1xx_HAL_Driver/Src/stm32f1xx_hal_pwr.o
                                      0x87cae (size before relaxing)
 .debug_str     0x000000000008e510      0x243 Drivers/STM32F1xx_HAL_Driver/Src/stm32f1xx_hal_rcc.o
                                      0x87b48 (size before relaxing)
 .debug_str     0x000000000008e753       0xb9 Drivers/STM32F1xx_HAL_Driver/Src/stm32f1xx_hal_rcc_ex.o
                                      0x878d5 (size before relaxing)
 .debug_str     0x000000000008e80c      0x33f Drivers/STM32F1xx_HAL_Driver/Src/stm32f1xx_hal_rtc.o
                                      0x87c5b (size before relaxing)
 .debug_str     0x000000000008eb4b      0xd59 Drivers/STM32F1xx_HAL_Driver/Src/stm32f1xx_hal_tim.o
                                      0x88b1a (size before relaxing)
 .debug_str     0x000000000008f8a4      0x4ee Drivers/STM32F1xx_HAL_Driver/Src/stm32f1xx_hal_tim_ex.o
                                      0x882cb (size before relaxing)
 .debug_str     0x000000000008fd92      0x5ed Drivers/STM32F1xx_HAL_Driver/Src/stm32f1xx_hal_uart.o
                                      0x8813a (size before relaxing)
 .debug_str     0x000000000009037f      0x2a1 Drivers/STM32F1xx_HAL_Driver/Src/stm32f1xx_ll_usb.o
                                      0x87c1e (size before relaxing)
 .debug_str     0x0000000000090620      0x73f Middlewares/ST/STM32_USB_Device_Library/Class/HID/Src/usbd_hid.o
                                      0x8ca44 (size before relaxing)
 .debug_str     0x0000000000090d5f      0x1a2 Middlewares/ST/STM32_USB_Device_Library/Core/Src/usbd_core.o
                                      0x8c84d (size before relaxing)
 .debug_str     0x0000000000090f01      0x12f Middlewares/ST/STM32_USB_Device_Library/Core/Src/usbd_ctlreq.o
                                      0x8c7d3 (size before relaxing)
 .debug_str     0x0000000000091030       0xc9 Middlewares/ST/STM32_USB_Device_Library/Core/Src/usbd_ioreq.o
                                      0x8c75b (size before relaxing)
 .debug_str     0x00000000000910f9       0xc2 USB_DEVICE/App/usb_device.o
                                      0x8c8c7 (size before relaxing)
 .debug_str     0x00000000000911bb      0x258 USB_DEVICE/App/usbd_desc.o
                                      0x8c6c6 (size before relaxing)
 .debug_str     0x0000000000091413      0x154 USB_DEVICE/Target/usbd_conf.o
                                      0x8d215 (size before relaxing)

.comment        0x0000000000000000       0x7b
 .comment       0x0000000000000000       0x7b Core/Src/main.o
                                         0x7c (size before relaxing)
 .comment       0x000000000000007b       0x7c Core/Src/stm32f1xx_hal_msp.o
 .comment       0x000000000000007b       0x7c Core/Src/stm32f1xx_it.o
 .comment       0x000000000000007b       0x7c Core/Src/system_stm32f1xx.o
 .comment       0x000000000000007b       0x7c Drivers/STM32F1xx_HAL_Driver/Src/stm32f1xx_hal.o
 .comment       0x000000000000007b       0x7c Drivers/STM32F1xx_HAL_Driver/Src/stm32f1xx_hal_cortex.o
 .comment       0x000000000000007b       0x7c Drivers/STM32F1xx_HAL_Driver/Src/stm32f1xx_hal_gpio.o
 .comment       0x000000000000007b       0x7c Drivers/STM32F1xx_HAL_Driver/Src/stm32f1xx_hal_pcd.o
 .comment       0x000000000000007b       0x7c Drivers/STM32F1xx_HAL_Driver/Src/stm32f1xx_hal_pcd_ex.o
 .comment       0x000000000000007b       0x7c Drivers/STM32F1xx_HAL_Driver/Src/stm32f1xx_hal_pwr.o
 .comment       0x000000000000007b       0x7c Drivers/STM32F1xx_HAL_Driver/Src/stm32f1xx_hal_rcc.o
 .comment       0x000000000000007b       0x7c Drivers/STM32F1xx_HAL_Driver/Src/stm32f1xx_hal_rcc_ex.o
 .comment       0x000000000000007b       0x7c Drivers/STM32F1xx_HAL_Driver/Src/stm32f1xx_hal_rtc.o
 .comment       0x000000000000007b       0x7c Drivers/STM32F1xx_HAL_Driver/Src/stm32f1xx_hal_tim.o
 .comment       0x000000000000007b       0x7c Drivers/STM32F1xx_HAL_Driver/Src/stm32f1xx_hal_tim_ex.o
 .comment       0x000000000000007b       0x7c Drivers/STM32F1xx_HAL_Driver/Src/stm32f1xx_hal_uart.o
 .comment       0x000000000000007b       0x7c Drivers/STM32F1xx_HAL_Driver/Src/stm32f1xx_ll_usb.o
 .comment       0x000000000000007b       0x7c Middlewares/ST/STM32_USB_Device_Library/Class/HID/Src/usbd_hid.o
 .comment       0x000000000000007b       0x7c Middlewares/ST/STM32_USB_Device_Library/Core/Src/usbd_core.o
 .comment       0x000000000000007b       0x7c Middlewares/ST/STM32_USB_Device_Library/Core/Src/usbd_ctlreq.o
 .comment       0x000000000000007b       0x7c Middlewares/ST/STM32_USB_Device_Library/Core/Src/usbd_ioreq.o
 .comment       0x000000000000007b       0x7c USB_DEVICE/App/usb_device.o
 .comment       0x000000000000007b       0x7c USB_DEVICE/App/usbd_desc.o
 .comment       0x000000000000007b       0x7c USB_DEVICE/Target/usbd_conf.o

.debug_frame    0x0000000000000000     0x4ff0
 .debug_frame   0x0000000000000000      0x148 Core/Src/main.o
 .debug_frame   0x0000000000000148      0x190 Core/Src/stm32f1xx_hal_msp.o
 .debug_frame   0x00000000000002d8      0x128 Core/Src/stm32f1xx_it.o
 .debug_frame   0x0000000000000400       0x58 Core/Src/system_stm32f1xx.o
 .debug_frame   0x0000000000000458      0x334 Drivers/STM32F1xx_HAL_Driver/Src/stm32f1xx_hal.o
 .debug_frame   0x000000000000078c      0x428 Drivers/STM32F1xx_HAL_Driver/Src/stm32f1xx_hal_cortex.o
 .debug_frame   0x0000000000000bb4      0x14c Drivers/STM32F1xx_HAL_Driver/Src/stm32f1xx_hal_gpio.o
 .debug_frame   0x0000000000000d00      0x578 Drivers/STM32F1xx_HAL_Driver/Src/stm32f1xx_hal_pcd.o
 .debug_frame   0x0000000000001278       0xb0 Drivers/STM32F1xx_HAL_Driver/Src/stm32f1xx_hal_pcd_ex.o
 .debug_frame   0x0000000000001328      0x270 Drivers/STM32F1xx_HAL_Driver/Src/stm32f1xx_hal_pwr.o
 .debug_frame   0x0000000000001598      0x21c Drivers/STM32F1xx_HAL_Driver/Src/stm32f1xx_hal_rcc.o
 .debug_frame   0x00000000000017b4       0x84 Drivers/STM32F1xx_HAL_Driver/Src/stm32f1xx_hal_rcc_ex.o
 .debug_frame   0x0000000000001838      0x434 Drivers/STM32F1xx_HAL_Driver/Src/stm32f1xx_hal_rtc.o
 .debug_frame   0x0000000000001c6c     0x11b8 Drivers/STM32F1xx_HAL_Driver/Src/stm32f1xx_hal_tim.o
 .debug_frame   0x0000000000002e24      0x638 Drivers/STM32F1xx_HAL_Driver/Src/stm32f1xx_hal_tim_ex.o
 .debug_frame   0x000000000000345c      0x914 Drivers/STM32F1xx_HAL_Driver/Src/stm32f1xx_hal_uart.o
 .debug_frame   0x0000000000003d70      0x450 Drivers/STM32F1xx_HAL_Driver/Src/stm32f1xx_ll_usb.o
 .debug_frame   0x00000000000041c0      0x190 Middlewares/ST/STM32_USB_Device_Library/Class/HID/Src/usbd_hid.o
 .debug_frame   0x0000000000004350      0x300 Middlewares/ST/STM32_USB_Device_Library/Core/Src/usbd_core.o
 .debug_frame   0x0000000000004650      0x218 Middlewares/ST/STM32_USB_Device_Library/Core/Src/usbd_ctlreq.o
 .debug_frame   0x0000000000004868      0x10c Middlewares/ST/STM32_USB_Device_Library/Core/Src/usbd_ioreq.o
 .debug_frame   0x0000000000004974       0x2c USB_DEVICE/App/usb_device.o
 .debug_frame   0x00000000000049a0      0x160 USB_DEVICE/App/usbd_desc.o
 .debug_frame   0x0000000000004b00      0x4a4 USB_DEVICE/Target/usbd_conf.o
 .debug_frame   0x0000000000004fa4       0x2c c:/st/stm32cubeide_1.3.0/stm32cubeide/plugins/com.st.stm32cube.ide.mcu.externaltools.gnu-tools-for-stm32.7-2018-q2-update.win32_1.0.0.201904181610/tools/bin/../lib/gcc/arm-none-eabi/7.3.1/../../../../arm-none-eabi/lib/thumb/v7-m\libc_nano.a(lib_a-init.o)
 .debug_frame   0x0000000000004fd0       0x20 c:/st/stm32cubeide_1.3.0/stm32cubeide/plugins/com.st.stm32cube.ide.mcu.externaltools.gnu-tools-for-stm32.7-2018-q2-update.win32_1.0.0.201904181610/tools/bin/../lib/gcc/arm-none-eabi/7.3.1/../../../../arm-none-eabi/lib/thumb/v7-m\libc_nano.a(lib_a-memset.o)
